02:00:00 **** Incremental Build of configuration Debug for project Filter ****
make -j4 all 
Building file: ../src/main.c
Invoking: MCU GCC Compiler
E:\Users\Olof\prog\Proj_inbygda\git\TheFilterFolder\Filter\Debug
arm-none-eabi-gcc -mcpu=cortex-m4 -mthumb -mfloat-abi=hard -mfpu=fpv4-sp-d16 -DSTM32 -DSTM32F4 -DSTM32F429ZITx -DSTM32F429I_DISC1 -DDEBUG -DSTM32F429xx -DUSE_HAL_DRIVER -I"E:/Users/Olof/prog/Proj_inbygda/git/TheFilterFolder/Filter/Utilities/Components/ili9325" -I"E:/Users/Olof/prog/Proj_inbygda/git/TheFilterFolder/Filter/Utilities/Components/s25fl512s" -I"E:/Users/Olof/prog/Proj_inbygda/git/TheFilterFolder/Filter/Utilities/Components/cs43l22" -I"E:/Users/Olof/prog/Proj_inbygda/git/TheFilterFolder/Filter/Utilities/Components/ili9341" -I"E:/Users/Olof/prog/Proj_inbygda/git/TheFilterFolder/Filter/Utilities/Components/ampire480272" -I"E:/Users/Olof/prog/Proj_inbygda/git/TheFilterFolder/Filter/Utilities/Components/n25q512a" -I"E:/Users/Olof/prog/Proj_inbygda/git/TheFilterFolder/Filter/Utilities/Components/s5k5cag" -I"E:/Users/Olof/prog/Proj_inbygda/git/TheFilterFolder/Filter/Utilities/Components/mfxstm32l152" -I"E:/Users/Olof/prog/Proj_inbygda/git/TheFilterFolder/Filter/CMSIS/device" -I"E:/Users/Olof/prog/Proj_inbygda/git/TheFilterFolder/Filter/Utilities/Components/n25q128a" -I"E:/Users/Olof/prog/Proj_inbygda/git/TheFilterFolder/Filter/Utilities/Components/ts3510" -I"E:/Users/Olof/prog/Proj_inbygda/git/TheFilterFolder/Filter/Utilities/Components/st7735" -I"E:/Users/Olof/prog/Proj_inbygda/git/TheFilterFolder/Filter/HAL_Driver/Inc/Legacy" -I"E:/Users/Olof/prog/Proj_inbygda/git/TheFilterFolder/Filter/Utilities/Components/lis302dl" -I"E:/Users/Olof/prog/Proj_inbygda/git/TheFilterFolder/Filter/Utilities/Components/otm8009a" -I"E:/Users/Olof/prog/Proj_inbygda/git/TheFilterFolder/Filter/Utilities/Components/stmpe1600" -I"E:/Users/Olof/prog/Proj_inbygda/git/TheFilterFolder/Filter/Utilities/Components/Common" -I"E:/Users/Olof/prog/Proj_inbygda/git/TheFilterFolder/Filter/Utilities/Components/ov2640" -I"E:/Users/Olof/prog/Proj_inbygda/git/TheFilterFolder/Filter/Utilities/Components/l3gd20" -I"E:/Users/Olof/prog/Proj_inbygda/git/TheFilterFolder/Filter/HAL_Driver/Inc" -I"E:/Users/Olof/prog/Proj_inbygda/git/TheFilterFolder/Filter/Utilities/Components/stmpe811" -I"E:/Users/Olof/prog/Proj_inbygda/git/TheFilterFolder/Filter/Utilities/Components/lis3dsh" -I"E:/Users/Olof/prog/Proj_inbygda/git/TheFilterFolder/Filter/Utilities/Components/wm8994" -I"E:/Users/Olof/prog/Proj_inbygda/git/TheFilterFolder/Filter/Utilities/Fonts" -I"E:/Users/Olof/prog/Proj_inbygda/git/TheFilterFolder/Filter/Utilities/Components/n25q256a" -I"E:/Users/Olof/prog/Proj_inbygda/git/TheFilterFolder/Filter/inc" -I"E:/Users/Olof/prog/Proj_inbygda/git/TheFilterFolder/Filter/Utilities/Components/ls016b8uy" -I"E:/Users/Olof/prog/Proj_inbygda/git/TheFilterFolder/Filter/Utilities/Components/ft6x06" -I"E:/Users/Olof/prog/Proj_inbygda/git/TheFilterFolder/Filter/Utilities/Components/exc7200" -I"E:/Users/Olof/prog/Proj_inbygda/git/TheFilterFolder/Filter/Utilities/Components/st7789h2" -I"E:/Users/Olof/prog/Proj_inbygda/git/TheFilterFolder/Filter/Utilities/Log" -I"E:/Users/Olof/prog/Proj_inbygda/git/TheFilterFolder/Filter/Utilities/Components/ampire640480" -I"E:/Users/Olof/prog/Proj_inbygda/git/TheFilterFolder/Filter/Utilities/Components/lsm303dlhc" -I"E:/Users/Olof/prog/Proj_inbygda/git/TheFilterFolder/Filter/CMSIS/core" -I"E:/Users/Olof/prog/Proj_inbygda/git/TheFilterFolder/Filter/Utilities/STM32F429I-Discovery" -I"E:/Users/Olof/prog/Proj_inbygda/git/TheFilterFolder/Filter/inc/filters/simple" -I"E:/Users/Olof/prog/Proj_inbygda/git/TheFilterFolder/Filter/inc/filters/struct" -I"E:/Users/Olof/prog/Proj_inbygda/git/TheFilterFolder/Filter/inc/filters/kalman_1D" -I"E:/Users/Olof/prog/Proj_inbygda/git/TheFilterFolder/Filter/inc/filters/kalman_1D_int" -I"E:/Users/Olof/prog/Proj_inbygda/git/TheFilterFolder/Filter/inc/filters/matrix" -I"E:/Users/Olof/prog/Proj_inbygda/git/TheFilterFolder/Filter/inc/filters/utilities" -I"E:/Users/Olof/prog/Proj_inbygda/git/TheFilterFolder/Filter/inc/filters/kalman_2D" -I"E:/Users/Olof/prog/Proj_inbygda/git/TheFilterFolder/Filter/inc/filters/dynamic" -I"E:/Users/Olof/prog/Proj_inbygda/git/TheFilterFolder/Filter/inc/filters/kalman_MD_dynamic" -I"E:/Users/Olof/prog/Proj_inbygda/git/TheFilterFolder/Filter/inc/filters/kalman_MD_static" -I"E:/Users/Olof/prog/Proj_inbygda/git/TheFilterFolder/Filter/inc/filters/kalman_3D" -I"E:/Users/Olof/prog/Proj_inbygda/git/TheFilterFolder/Filter/inc/filters/kalman_4D" -I"E:/Users/Olof/prog/Proj_inbygda/git/TheFilterFolder/Filter/inc/interface" -I"E:/Users/Olof/prog/Proj_inbygda/git/TheFilterFolder/Filter/Middlewares/ST/STemWin/Config" -I"E:/Users/Olof/prog/Proj_inbygda/git/TheFilterFolder/Filter/Middlewares/ST/STemWin/inc" -O0 -g3 -Wall -fmessage-length=0 -ffunction-sections -c -MMD -MP -MF"src/main.d" -MT"src/main.o" -o "src/main.o" "../src/main.c"
In file included from E:/Users/Olof/prog/Proj_inbygda/git/TheFilterFolder/Filter/inc/filters/utilities/parameters.h:11:0,
                 from E:/Users/Olof/prog/Proj_inbygda/git/TheFilterFolder/Filter/inc/main.h:22,
                 from ../src/main.c:11:
E:/Users/Olof/prog/Proj_inbygda/git/TheFilterFolder/Filter/CMSIS/core/arm_math.h:293:0: warning: "__FPU_PRESENT" redefined
 #define __FPU_PRESENT 1
 
In file included from E:/Users/Olof/prog/Proj_inbygda/git/TheFilterFolder/Filter/inc/main.h:14:0,
                 from ../src/main.c:11:
E:/Users/Olof/prog/Proj_inbygda/git/TheFilterFolder/Filter/CMSIS/device/stm32f429xx.h:68:0: note: this is the location of the previous definition
 #define __FPU_PRESENT             1U       /*!< FPU present                                   */
 
Finished building: ../src/main.c
 
Building target: Filter.elf
Invoking: MCU GCC Linker
arm-none-eabi-gcc -mcpu=cortex-m4 -mthumb -mfloat-abi=hard -mfpu=fpv4-sp-d16 -L"E:\Users\Olof\prog\Proj_inbygda\git\TheFilterFolder\Filter\Middlewares\ST\STemWin\Lib" -T"E:/Users/Olof/prog/Proj_inbygda/git/TheFilterFolder/Filter/LinkerScript.ld" -Wl,-Map=output.map -Wl,--gc-sections -o "Filter.elf" @"objects.list"  -l:STemWin540_CM4_GCC_ARGB.a -l:STemWin540_CM4_GCC_ot.a -l:STemWin540_CM4_GCC_ot_ARGB.a -l:STemWin540_CM4_GCC.a -lm
Finished building target: Filter.elf
 
make --no-print-directory post-build
Generating binary and Printing size information:
arm-none-eabi-objcopy -O binary "Filter.elf" "Filter.bin"
arm-none-eabi-size "Filter.elf"
   text	   data	    bss	    dec	    hex	filename
 119944	   2584	 172212	 294740	  47f54	Filter.elf
 

02:00:04 Build Finished (took 3s.361ms)

