Generating binary and Printing size information:
arm-none-eabi-objcopy -O binary "Filter.elf" "Filter.bin"
arm-none-eabi-size "Filter.elf"
   text	   data	    bss	    dec	    hex	filename
  21052	   2136	   4076	  27264	   6a80	Filter.elf
 
13:28:31 **** Incremental Build of configuration Debug for project Filter ****
make -j4 all 
make: Nothing to be done for 'all'.
13:28:44 **** Incremental Build of configuration Debug for project Filter ****
make -j4 all 
make: Nothing to be done for 'all'.
13:30:17 **** Incremental Build of configuration Debug for project Filter ****
make -j4 all 
Building file: ../src/filters/kalman_MD_static/dataMD_static_debug.c
Building file: ../src/filters/kalman_MD_static/infinite_loop_kalman_style_MD_static.c
Invoking: MCU GCC Compiler
Invoking: MCU GCC Compiler
Building file: ../src/filters/kalman_MD_static/kalman_filter_MD_static.c
Building file: ../src/filters/kalman_MD_static/matrix_initialize_MD_static.c
C:\Users\User\project_embedded_systems\Final_Software\TheFilterFolder\Filter\Debug
C:\Users\User\project_embedded_systems\Final_Software\TheFilterFolder\Filter\Debug
arm-none-eabi-gcc -mcpu=cortex-m4 -mthumb -mfloat-abi=hard -mfpu=fpv4-sp-d16 -DSTM32 -DSTM32F4 -DSTM32F429ZITx -DSTM32F429I_DISC1 -DDEBUG -DSTM32F429xx -DUSE_HAL_DRIVER -O0 -g3 -Wall -fmessage-length=0 -ffunction-sections -c -MMD -MP -MF"src/filters/kalman_MD_static/dataMD_static_debug.d" -MT"src/filters/kalman_MD_static/dataMD_static_debug.o" -o "src/filters/kalman_MD_static/dataMD_static_debug.o" "../src/filters/kalman_MD_static/dataMD_static_debug.c" @"src/filters/kalman_MD_static/includes.args"
Invoking: MCU GCC Compiler
Invoking: MCU GCC Compiler
arm-none-eabi-gcc -mcpu=cortex-m4 -mthumb -mfloat-abi=hard -mfpu=fpv4-sp-d16 -DSTM32 -DSTM32F4 -DSTM32F429ZITx -DSTM32F429I_DISC1 -DDEBUG -DSTM32F429xx -DUSE_HAL_DRIVER -O0 -g3 -Wall -fmessage-length=0 -ffunction-sections -c -MMD -MP -MF"src/filters/kalman_MD_static/infinite_loop_kalman_style_MD_static.d" -MT"src/filters/kalman_MD_static/infinite_loop_kalman_style_MD_static.o" -o "src/filters/kalman_MD_static/infinite_loop_kalman_style_MD_static.o" "../src/filters/kalman_MD_static/infinite_loop_kalman_style_MD_static.c" @"src/filters/kalman_MD_static/includes.args"
C:\Users\User\project_embedded_systems\Final_Software\TheFilterFolder\Filter\Debug
arm-none-eabi-gcc -mcpu=cortex-m4 -mthumb -mfloat-abi=hard -mfpu=fpv4-sp-d16 -DSTM32 -DSTM32F4 -DSTM32F429ZITx -DSTM32F429I_DISC1 -DDEBUG -DSTM32F429xx -DUSE_HAL_DRIVER -O0 -g3 -Wall -fmessage-length=0 -ffunction-sections -c -MMD -MP -MF"src/filters/kalman_MD_static/kalman_filter_MD_static.d" -MT"src/filters/kalman_MD_static/kalman_filter_MD_static.o" -o "src/filters/kalman_MD_static/kalman_filter_MD_static.o" "../src/filters/kalman_MD_static/kalman_filter_MD_static.c" @"src/filters/kalman_MD_static/includes.args"
C:\Users\User\project_embedded_systems\Final_Software\TheFilterFolder\Filter\Debug
arm-none-eabi-gcc -mcpu=cortex-m4 -mthumb -mfloat-abi=hard -mfpu=fpv4-sp-d16 -DSTM32 -DSTM32F4 -DSTM32F429ZITx -DSTM32F429I_DISC1 -DDEBUG -DSTM32F429xx -DUSE_HAL_DRIVER -O0 -g3 -Wall -fmessage-length=0 -ffunction-sections -c -MMD -MP -MF"src/filters/kalman_MD_static/matrix_initialize_MD_static.d" -MT"src/filters/kalman_MD_static/matrix_initialize_MD_static.o" -o "src/filters/kalman_MD_static/matrix_initialize_MD_static.o" "../src/filters/kalman_MD_static/matrix_initialize_MD_static.c" @"src/filters/kalman_MD_static/includes.args"
Finished building: ../src/filters/kalman_MD_static/infinite_loop_kalman_style_MD_static.c
Finished building: ../src/filters/kalman_MD_static/kalman_filter_MD_static.c
 
 
Finished building: ../src/filters/kalman_MD_static/matrix_initialize_MD_static.c
 
Finished building: ../src/filters/kalman_MD_static/dataMD_static_debug.c
 
Building target: Filter.elf
Invoking: MCU GCC Linker
arm-none-eabi-gcc -mcpu=cortex-m4 -mthumb -mfloat-abi=hard -mfpu=fpv4-sp-d16 -T"C:/Users/User/project_embedded_systems/Final_Software/TheFilterFolder/Filter/LinkerScript.ld" -Wl,-Map=output.map -Wl,--gc-sections -o "Filter.elf" @"objects.list"   -lm
Finished building target: Filter.elf
 
make --no-print-directory post-build
Generating binary and Printing size information:
arm-none-eabi-objcopy -O binary "Filter.elf" "Filter.bin"
arm-none-eabi-size "Filter.elf"
   text	   data	    bss	    dec	    hex	filename
  21284	   2136	   4076	  27496	   6b68	Filter.elf
 
13:31:11 **** Incremental Build of configuration Debug for project Filter ****
make -j4 all 
Building file: ../src/filters/kalman_MD_static/dataMD_static_debug.c
Invoking: MCU GCC Compiler
C:\Users\User\project_embedded_systems\Final_Software\TheFilterFolder\Filter\Debug
arm-none-eabi-gcc -mcpu=cortex-m4 -mthumb -mfloat-abi=hard -mfpu=fpv4-sp-d16 -DSTM32 -DSTM32F4 -DSTM32F429ZITx -DSTM32F429I_DISC1 -DDEBUG -DSTM32F429xx -DUSE_HAL_DRIVER -O0 -g3 -Wall -fmessage-length=0 -ffunction-sections -c -MMD -MP -MF"src/filters/kalman_MD_static/dataMD_static_debug.d" -MT"src/filters/kalman_MD_static/dataMD_static_debug.o" -o "src/filters/kalman_MD_static/dataMD_static_debug.o" "../src/filters/kalman_MD_static/dataMD_static_debug.c" @"src/filters/kalman_MD_static/includes.args"
Finished building: ../src/filters/kalman_MD_static/dataMD_static_debug.c
 
Building target: Filter.elf
Invoking: MCU GCC Linker
arm-none-eabi-gcc -mcpu=cortex-m4 -mthumb -mfloat-abi=hard -mfpu=fpv4-sp-d16 -T"C:/Users/User/project_embedded_systems/Final_Software/TheFilterFolder/Filter/LinkerScript.ld" -Wl,-Map=output.map -Wl,--gc-sections -o "Filter.elf" @"objects.list"   -lm
Finished building target: Filter.elf
 
make --no-print-directory post-build
Generating binary and Printing size information:
arm-none-eabi-objcopy -O binary "Filter.elf" "Filter.bin"
arm-none-eabi-size "Filter.elf"
   text	   data	    bss	    dec	    hex	filename
  21292	   2136	   4076	  27504	   6b70	Filter.elf
 
13:31:37 **** Incremental Build of configuration Debug for project Filter ****
make -j4 all 
make: Nothing to be done for 'all'.
13:32:08 **** Incremental Build of configuration Debug for project Filter ****
make -j4 all 
Building file: ../src/filters/kalman_MD_static/dataMD_static_debug.c
Invoking: MCU GCC Compiler
C:\Users\User\project_embedded_systems\Final_Software\TheFilterFolder\Filter\Debug
arm-none-eabi-gcc -mcpu=cortex-m4 -mthumb -mfloat-abi=hard -mfpu=fpv4-sp-d16 -DSTM32 -DSTM32F4 -DSTM32F429ZITx -DSTM32F429I_DISC1 -DDEBUG -DSTM32F429xx -DUSE_HAL_DRIVER -O0 -g3 -Wall -fmessage-length=0 -ffunction-sections -c -MMD -MP -MF"src/filters/kalman_MD_static/dataMD_static_debug.d" -MT"src/filters/kalman_MD_static/dataMD_static_debug.o" -o "src/filters/kalman_MD_static/dataMD_static_debug.o" "../src/filters/kalman_MD_static/dataMD_static_debug.c" @"src/filters/kalman_MD_static/includes.args"
Finished building: ../src/filters/kalman_MD_static/dataMD_static_debug.c
 
Building target: Filter.elf
Invoking: MCU GCC Linker
arm-none-eabi-gcc -mcpu=cortex-m4 -mthumb -mfloat-abi=hard -mfpu=fpv4-sp-d16 -T"C:/Users/User/project_embedded_systems/Final_Software/TheFilterFolder/Filter/LinkerScript.ld" -Wl,-Map=output.map -Wl,--gc-sections -o "Filter.elf" @"objects.list"   -lm
Finished building target: Filter.elf
 
make --no-print-directory post-build
Generating binary and Printing size information:
arm-none-eabi-objcopy -O binary "Filter.elf" "Filter.bin"
arm-none-eabi-size "Filter.elf"
   text	   data	    bss	    dec	    hex	filename
  21292	   2136	   4076	  27504	   6b70	Filter.elf
 
13:32:52 **** Incremental Build of configuration Debug for project Filter ****
make -j4 all 
Building file: ../src/filters/kalman_MD_static/dataMD_static_debug.c
Invoking: MCU GCC Compiler
C:\Users\User\project_embedded_systems\Final_Software\TheFilterFolder\Filter\Debug
arm-none-eabi-gcc -mcpu=cortex-m4 -mthumb -mfloat-abi=hard -mfpu=fpv4-sp-d16 -DSTM32 -DSTM32F4 -DSTM32F429ZITx -DSTM32F429I_DISC1 -DDEBUG -DSTM32F429xx -DUSE_HAL_DRIVER -O0 -g3 -Wall -fmessage-length=0 -ffunction-sections -c -MMD -MP -MF"src/filters/kalman_MD_static/dataMD_static_debug.d" -MT"src/filters/kalman_MD_static/dataMD_static_debug.o" -o "src/filters/kalman_MD_static/dataMD_static_debug.o" "../src/filters/kalman_MD_static/dataMD_static_debug.c" @"src/filters/kalman_MD_static/includes.args"
Finished building: ../src/filters/kalman_MD_static/dataMD_static_debug.c
 
Building target: Filter.elf
Invoking: MCU GCC Linker
arm-none-eabi-gcc -mcpu=cortex-m4 -mthumb -mfloat-abi=hard -mfpu=fpv4-sp-d16 -T"C:/Users/User/project_embedded_systems/Final_Software/TheFilterFolder/Filter/LinkerScript.ld" -Wl,-Map=output.map -Wl,--gc-sections -o "Filter.elf" @"objects.list"   -lm
Finished building target: Filter.elf
 
make --no-print-directory post-build
Generating binary and Printing size information:
arm-none-eabi-objcopy -O binary "Filter.elf" "Filter.bin"
arm-none-eabi-size "Filter.elf"
   text	   data	    bss	    dec	    hex	filename
  21292	   2136	   4076	  27504	   6b70	Filter.elf
 
13:36:29 **** Incremental Build of configuration Debug for project Filter ****
make -j4 all 
Building file: ../src/filters/kalman_MD_static/dataMD_static_debug.c
Invoking: MCU GCC Compiler
C:\Users\User\project_embedded_systems\Final_Software\TheFilterFolder\Filter\Debug
arm-none-eabi-gcc -mcpu=cortex-m4 -mthumb -mfloat-abi=hard -mfpu=fpv4-sp-d16 -DSTM32 -DSTM32F4 -DSTM32F429ZITx -DSTM32F429I_DISC1 -DDEBUG -DSTM32F429xx -DUSE_HAL_DRIVER -O0 -g3 -Wall -fmessage-length=0 -ffunction-sections -c -MMD -MP -MF"src/filters/kalman_MD_static/dataMD_static_debug.d" -MT"src/filters/kalman_MD_static/dataMD_static_debug.o" -o "src/filters/kalman_MD_static/dataMD_static_debug.o" "../src/filters/kalman_MD_static/dataMD_static_debug.c" @"src/filters/kalman_MD_static/includes.args"
Finished building: ../src/filters/kalman_MD_static/dataMD_static_debug.c
 
Building target: Filter.elf
Invoking: MCU GCC Linker
arm-none-eabi-gcc -mcpu=cortex-m4 -mthumb -mfloat-abi=hard -mfpu=fpv4-sp-d16 -T"C:/Users/User/project_embedded_systems/Final_Software/TheFilterFolder/Filter/LinkerScript.ld" -Wl,-Map=output.map -Wl,--gc-sections -o "Filter.elf" @"objects.list"   -lm
Finished building target: Filter.elf
 
make --no-print-directory post-build
Generating binary and Printing size information:
arm-none-eabi-objcopy -O binary "Filter.elf" "Filter.bin"
arm-none-eabi-size "Filter.elf"
   text	   data	    bss	    dec	    hex	filename
  21296	   2136	   4076	  27508	   6b74	Filter.elf
 
13:38:02 **** Incremental Build of configuration Debug for project Filter ****
make -j4 all 
Building file: ../src/filters/kalman_MD_static/dataMD_static_debug.c
Invoking: MCU GCC Compiler
C:\Users\User\project_embedded_systems\Final_Software\TheFilterFolder\Filter\Debug
arm-none-eabi-gcc -mcpu=cortex-m4 -mthumb -mfloat-abi=hard -mfpu=fpv4-sp-d16 -DSTM32 -DSTM32F4 -DSTM32F429ZITx -DSTM32F429I_DISC1 -DDEBUG -DSTM32F429xx -DUSE_HAL_DRIVER -O0 -g3 -Wall -fmessage-length=0 -ffunction-sections -c -MMD -MP -MF"src/filters/kalman_MD_static/dataMD_static_debug.d" -MT"src/filters/kalman_MD_static/dataMD_static_debug.o" -o "src/filters/kalman_MD_static/dataMD_static_debug.o" "../src/filters/kalman_MD_static/dataMD_static_debug.c" @"src/filters/kalman_MD_static/includes.args"
Finished building: ../src/filters/kalman_MD_static/dataMD_static_debug.c
 
Building target: Filter.elf
Invoking: MCU GCC Linker
arm-none-eabi-gcc -mcpu=cortex-m4 -mthumb -mfloat-abi=hard -mfpu=fpv4-sp-d16 -T"C:/Users/User/project_embedded_systems/Final_Software/TheFilterFolder/Filter/LinkerScript.ld" -Wl,-Map=output.map -Wl,--gc-sections -o "Filter.elf" @"objects.list"   -lm
Finished building target: Filter.elf
 
make --no-print-directory post-build
Generating binary and Printing size information:
arm-none-eabi-objcopy -O binary "Filter.elf" "Filter.bin"
arm-none-eabi-size "Filter.elf"
   text	   data	    bss	    dec	    hex	filename
  21296	   2136	   4076	  27508	   6b74	Filter.elf
 
13:38:31 **** Incremental Build of configuration Debug for project Filter ****
make -j4 all 
make: Nothing to be done for 'all'.
13:39:21 **** Incremental Build of configuration Debug for project Filter ****
make -j4 all 
Building file: ../src/filters/kalman_MD_static/dataMD_static_debug.c
Invoking: MCU GCC Compiler
C:\Users\User\project_embedded_systems\Final_Software\TheFilterFolder\Filter\Debug
arm-none-eabi-gcc -mcpu=cortex-m4 -mthumb -mfloat-abi=hard -mfpu=fpv4-sp-d16 -DSTM32 -DSTM32F4 -DSTM32F429ZITx -DSTM32F429I_DISC1 -DDEBUG -DSTM32F429xx -DUSE_HAL_DRIVER -O0 -g3 -Wall -fmessage-length=0 -ffunction-sections -c -MMD -MP -MF"src/filters/kalman_MD_static/dataMD_static_debug.d" -MT"src/filters/kalman_MD_static/dataMD_static_debug.o" -o "src/filters/kalman_MD_static/dataMD_static_debug.o" "../src/filters/kalman_MD_static/dataMD_static_debug.c" @"src/filters/kalman_MD_static/includes.args"
Finished building: ../src/filters/kalman_MD_static/dataMD_static_debug.c
 
Building target: Filter.elf
Invoking: MCU GCC Linker
arm-none-eabi-gcc -mcpu=cortex-m4 -mthumb -mfloat-abi=hard -mfpu=fpv4-sp-d16 -T"C:/Users/User/project_embedded_systems/Final_Software/TheFilterFolder/Filter/LinkerScript.ld" -Wl,-Map=output.map -Wl,--gc-sections -o "Filter.elf" @"objects.list"   -lm
Finished building target: Filter.elf
 
make --no-print-directory post-build
Generating binary and Printing size information:
arm-none-eabi-objcopy -O binary "Filter.elf" "Filter.bin"
arm-none-eabi-size "Filter.elf"
   text	   data	    bss	    dec	    hex	filename
  21204	   2136	   4076	  27416	   6b18	Filter.elf
 
13:39:41 **** Incremental Build of configuration Debug for project Filter ****
make -j4 all 
make: Nothing to be done for 'all'.
13:39:55 **** Incremental Build of configuration Debug for project Filter ****
make -j4 all 
make: Nothing to be done for 'all'.
13:41:09 **** Incremental Build of configuration Debug for project Filter ****
make -j4 all 
Building file: ../src/filters/kalman_MD_static/dataMD_static_debug.c
Building file: ../src/filters/kalman_MD_static/infinite_loop_kalman_style_MD_static.c
Invoking: MCU GCC Compiler
Invoking: MCU GCC Compiler
Building file: ../src/filters/kalman_MD_static/kalman_filter_MD_static.c
Building file: ../src/filters/kalman_MD_static/matrix_initialize_MD_static.c
C:\Users\User\project_embedded_systems\Final_Software\TheFilterFolder\Filter\Debug
C:\Users\User\project_embedded_systems\Final_Software\TheFilterFolder\Filter\Debug
Invoking: MCU GCC Compiler
arm-none-eabi-gcc -mcpu=cortex-m4 -mthumb -mfloat-abi=hard -mfpu=fpv4-sp-d16 -DSTM32 -DSTM32F4 -DSTM32F429ZITx -DSTM32F429I_DISC1 -DDEBUG -DSTM32F429xx -DUSE_HAL_DRIVER -O0 -g3 -Wall -fmessage-length=0 -ffunction-sections -c -MMD -MP -MF"src/filters/kalman_MD_static/dataMD_static_debug.d" -MT"src/filters/kalman_MD_static/dataMD_static_debug.o" -o "src/filters/kalman_MD_static/dataMD_static_debug.o" "../src/filters/kalman_MD_static/dataMD_static_debug.c" @"src/filters/kalman_MD_static/includes.args"
arm-none-eabi-gcc -mcpu=cortex-m4 -mthumb -mfloat-abi=hard -mfpu=fpv4-sp-d16 -DSTM32 -DSTM32F4 -DSTM32F429ZITx -DSTM32F429I_DISC1 -DDEBUG -DSTM32F429xx -DUSE_HAL_DRIVER -O0 -g3 -Wall -fmessage-length=0 -ffunction-sections -c -MMD -MP -MF"src/filters/kalman_MD_static/infinite_loop_kalman_style_MD_static.d" -MT"src/filters/kalman_MD_static/infinite_loop_kalman_style_MD_static.o" -o "src/filters/kalman_MD_static/infinite_loop_kalman_style_MD_static.o" "../src/filters/kalman_MD_static/infinite_loop_kalman_style_MD_static.c" @"src/filters/kalman_MD_static/includes.args"
Invoking: MCU GCC Compiler
C:\Users\User\project_embedded_systems\Final_Software\TheFilterFolder\Filter\Debug
C:\Users\User\project_embedded_systems\Final_Software\TheFilterFolder\Filter\Debug
arm-none-eabi-gcc -mcpu=cortex-m4 -mthumb -mfloat-abi=hard -mfpu=fpv4-sp-d16 -DSTM32 -DSTM32F4 -DSTM32F429ZITx -DSTM32F429I_DISC1 -DDEBUG -DSTM32F429xx -DUSE_HAL_DRIVER -O0 -g3 -Wall -fmessage-length=0 -ffunction-sections -c -MMD -MP -MF"src/filters/kalman_MD_static/matrix_initialize_MD_static.d" -MT"src/filters/kalman_MD_static/matrix_initialize_MD_static.o" -o "src/filters/kalman_MD_static/matrix_initialize_MD_static.o" "../src/filters/kalman_MD_static/matrix_initialize_MD_static.c" @"src/filters/kalman_MD_static/includes.args"
arm-none-eabi-gcc -mcpu=cortex-m4 -mthumb -mfloat-abi=hard -mfpu=fpv4-sp-d16 -DSTM32 -DSTM32F4 -DSTM32F429ZITx -DSTM32F429I_DISC1 -DDEBUG -DSTM32F429xx -DUSE_HAL_DRIVER -O0 -g3 -Wall -fmessage-length=0 -ffunction-sections -c -MMD -MP -MF"src/filters/kalman_MD_static/kalman_filter_MD_static.d" -MT"src/filters/kalman_MD_static/kalman_filter_MD_static.o" -o "src/filters/kalman_MD_static/kalman_filter_MD_static.o" "../src/filters/kalman_MD_static/kalman_filter_MD_static.c" @"src/filters/kalman_MD_static/includes.args"
Finished building: ../src/filters/kalman_MD_static/infinite_loop_kalman_style_MD_static.c
Finished building: ../src/filters/kalman_MD_static/dataMD_static_debug.c
 
 
Finished building: ../src/filters/kalman_MD_static/kalman_filter_MD_static.c
 
Finished building: ../src/filters/kalman_MD_static/matrix_initialize_MD_static.c
 
Building target: Filter.elf
Invoking: MCU GCC Linker
arm-none-eabi-gcc -mcpu=cortex-m4 -mthumb -mfloat-abi=hard -mfpu=fpv4-sp-d16 -T"C:/Users/User/project_embedded_systems/Final_Software/TheFilterFolder/Filter/LinkerScript.ld" -Wl,-Map=output.map -Wl,--gc-sections -o "Filter.elf" @"objects.list"   -lm
Finished building target: Filter.elf
 
make --no-print-directory post-build
Generating binary and Printing size information:
arm-none-eabi-objcopy -O binary "Filter.elf" "Filter.bin"
arm-none-eabi-size "Filter.elf"
   text	   data	    bss	    dec	    hex	filename
  20976	   2136	   4076	  27188	   6a34	Filter.elf
 
13:41:48 **** Incremental Build of configuration Debug for project Filter ****
make -j4 all 
make: Nothing to be done for 'all'.
13:44:07 **** Incremental Build of configuration Debug for project Filter ****
make -j4 all 
Building file: ../src/filters/kalman_MD_static/dataMD_static_debug.c
Building file: ../src/filters/kalman_MD_static/infinite_loop_kalman_style_MD_static.c
Invoking: MCU GCC Compiler
Building file: ../src/filters/kalman_MD_static/kalman_filter_MD_static.c
Invoking: MCU GCC Compiler
Building file: ../src/filters/kalman_MD_static/matrix_initialize_MD_static.c
C:\Users\User\project_embedded_systems\Final_Software\TheFilterFolder\Filter\Debug
Invoking: MCU GCC Compiler
arm-none-eabi-gcc -mcpu=cortex-m4 -mthumb -mfloat-abi=hard -mfpu=fpv4-sp-d16 -DSTM32 -DSTM32F4 -DSTM32F429ZITx -DSTM32F429I_DISC1 -DDEBUG -DSTM32F429xx -DUSE_HAL_DRIVER -O0 -g3 -Wall -fmessage-length=0 -ffunction-sections -c -MMD -MP -MF"src/filters/kalman_MD_static/dataMD_static_debug.d" -MT"src/filters/kalman_MD_static/dataMD_static_debug.o" -o "src/filters/kalman_MD_static/dataMD_static_debug.o" "../src/filters/kalman_MD_static/dataMD_static_debug.c" @"src/filters/kalman_MD_static/includes.args"
C:\Users\User\project_embedded_systems\Final_Software\TheFilterFolder\Filter\Debug
Invoking: MCU GCC Compiler
arm-none-eabi-gcc -mcpu=cortex-m4 -mthumb -mfloat-abi=hard -mfpu=fpv4-sp-d16 -DSTM32 -DSTM32F4 -DSTM32F429ZITx -DSTM32F429I_DISC1 -DDEBUG -DSTM32F429xx -DUSE_HAL_DRIVER -O0 -g3 -Wall -fmessage-length=0 -ffunction-sections -c -MMD -MP -MF"src/filters/kalman_MD_static/infinite_loop_kalman_style_MD_static.d" -MT"src/filters/kalman_MD_static/infinite_loop_kalman_style_MD_static.o" -o "src/filters/kalman_MD_static/infinite_loop_kalman_style_MD_static.o" "../src/filters/kalman_MD_static/infinite_loop_kalman_style_MD_static.c" @"src/filters/kalman_MD_static/includes.args"
C:\Users\User\project_embedded_systems\Final_Software\TheFilterFolder\Filter\Debug
arm-none-eabi-gcc -mcpu=cortex-m4 -mthumb -mfloat-abi=hard -mfpu=fpv4-sp-d16 -DSTM32 -DSTM32F4 -DSTM32F429ZITx -DSTM32F429I_DISC1 -DDEBUG -DSTM32F429xx -DUSE_HAL_DRIVER -O0 -g3 -Wall -fmessage-length=0 -ffunction-sections -c -MMD -MP -MF"src/filters/kalman_MD_static/kalman_filter_MD_static.d" -MT"src/filters/kalman_MD_static/kalman_filter_MD_static.o" -o "src/filters/kalman_MD_static/kalman_filter_MD_static.o" "../src/filters/kalman_MD_static/kalman_filter_MD_static.c" @"src/filters/kalman_MD_static/includes.args"
C:\Users\User\project_embedded_systems\Final_Software\TheFilterFolder\Filter\Debug
arm-none-eabi-gcc -mcpu=cortex-m4 -mthumb -mfloat-abi=hard -mfpu=fpv4-sp-d16 -DSTM32 -DSTM32F4 -DSTM32F429ZITx -DSTM32F429I_DISC1 -DDEBUG -DSTM32F429xx -DUSE_HAL_DRIVER -O0 -g3 -Wall -fmessage-length=0 -ffunction-sections -c -MMD -MP -MF"src/filters/kalman_MD_static/matrix_initialize_MD_static.d" -MT"src/filters/kalman_MD_static/matrix_initialize_MD_static.o" -o "src/filters/kalman_MD_static/matrix_initialize_MD_static.o" "../src/filters/kalman_MD_static/matrix_initialize_MD_static.c" @"src/filters/kalman_MD_static/includes.args"
Finished building: ../src/filters/kalman_MD_static/dataMD_static_debug.c
 
Finished building: ../src/filters/kalman_MD_static/kalman_filter_MD_static.c
Finished building: ../src/filters/kalman_MD_static/infinite_loop_kalman_style_MD_static.c
 
Finished building: ../src/filters/kalman_MD_static/matrix_initialize_MD_static.c
 
 
Building target: Filter.elf
Invoking: MCU GCC Linker
arm-none-eabi-gcc -mcpu=cortex-m4 -mthumb -mfloat-abi=hard -mfpu=fpv4-sp-d16 -T"C:/Users/User/project_embedded_systems/Final_Software/TheFilterFolder/Filter/LinkerScript.ld" -Wl,-Map=output.map -Wl,--gc-sections -o "Filter.elf" @"objects.list"   -lm
Finished building target: Filter.elf
 
make --no-print-directory post-build
Generating binary and Printing size information:
arm-none-eabi-objcopy -O binary "Filter.elf" "Filter.bin"
arm-none-eabi-size "Filter.elf"
   text	   data	    bss	    dec	    hex	filename
  20952	   2136	   4076	  27164	   6a1c	Filter.elf
 
13:44:32 **** Incremental Build of configuration Debug for project Filter ****
make -j4 all 
Building file: ../src/filters/kalman_MD_static/dataMD_static_debug.c
Invoking: MCU GCC Compiler
C:\Users\User\project_embedded_systems\Final_Software\TheFilterFolder\Filter\Debug
arm-none-eabi-gcc -mcpu=cortex-m4 -mthumb -mfloat-abi=hard -mfpu=fpv4-sp-d16 -DSTM32 -DSTM32F4 -DSTM32F429ZITx -DSTM32F429I_DISC1 -DDEBUG -DSTM32F429xx -DUSE_HAL_DRIVER -O0 -g3 -Wall -fmessage-length=0 -ffunction-sections -c -MMD -MP -MF"src/filters/kalman_MD_static/dataMD_static_debug.d" -MT"src/filters/kalman_MD_static/dataMD_static_debug.o" -o "src/filters/kalman_MD_static/dataMD_static_debug.o" "../src/filters/kalman_MD_static/dataMD_static_debug.c" @"src/filters/kalman_MD_static/includes.args"
Finished building: ../src/filters/kalman_MD_static/dataMD_static_debug.c
 
Building target: Filter.elf
Invoking: MCU GCC Linker
arm-none-eabi-gcc -mcpu=cortex-m4 -mthumb -mfloat-abi=hard -mfpu=fpv4-sp-d16 -T"C:/Users/User/project_embedded_systems/Final_Software/TheFilterFolder/Filter/LinkerScript.ld" -Wl,-Map=output.map -Wl,--gc-sections -o "Filter.elf" @"objects.list"   -lm
Finished building target: Filter.elf
 
make --no-print-directory post-build
Generating binary and Printing size information:
arm-none-eabi-objcopy -O binary "Filter.elf" "Filter.bin"
arm-none-eabi-size "Filter.elf"
   text	   data	    bss	    dec	    hex	filename
  20760	   2136	   4076	  26972	   695c	Filter.elf
 
13:45:36 **** Incremental Build of configuration Debug for project Filter ****
make -j4 all 
Building file: ../src/filters/kalman_MD_static/dataMD_static_debug.c
Invoking: MCU GCC Compiler
C:\Users\User\project_embedded_systems\Final_Software\TheFilterFolder\Filter\Debug
arm-none-eabi-gcc -mcpu=cortex-m4 -mthumb -mfloat-abi=hard -mfpu=fpv4-sp-d16 -DSTM32 -DSTM32F4 -DSTM32F429ZITx -DSTM32F429I_DISC1 -DDEBUG -DSTM32F429xx -DUSE_HAL_DRIVER -O0 -g3 -Wall -fmessage-length=0 -ffunction-sections -c -MMD -MP -MF"src/filters/kalman_MD_static/dataMD_static_debug.d" -MT"src/filters/kalman_MD_static/dataMD_static_debug.o" -o "src/filters/kalman_MD_static/dataMD_static_debug.o" "../src/filters/kalman_MD_static/dataMD_static_debug.c" @"src/filters/kalman_MD_static/includes.args"
Finished building: ../src/filters/kalman_MD_static/dataMD_static_debug.c
 
Building target: Filter.elf
Invoking: MCU GCC Linker
arm-none-eabi-gcc -mcpu=cortex-m4 -mthumb -mfloat-abi=hard -mfpu=fpv4-sp-d16 -T"C:/Users/User/project_embedded_systems/Final_Software/TheFilterFolder/Filter/LinkerScript.ld" -Wl,-Map=output.map -Wl,--gc-sections -o "Filter.elf" @"objects.list"   -lm
Finished building target: Filter.elf
 
make --no-print-directory post-build
Generating binary and Printing size information:
arm-none-eabi-objcopy -O binary "Filter.elf" "Filter.bin"
arm-none-eabi-size "Filter.elf"
   text	   data	    bss	    dec	    hex	filename
  20760	   2136	   4076	  26972	   695c	Filter.elf
 
13:47:24 **** Incremental Build of configuration Debug for project Filter ****
make -j4 all 
Building file: ../src/filters/kalman_MD_static/dataMD_static_debug.c
Invoking: MCU GCC Compiler
C:\Users\User\project_embedded_systems\Final_Software\TheFilterFolder\Filter\Debug
arm-none-eabi-gcc -mcpu=cortex-m4 -mthumb -mfloat-abi=hard -mfpu=fpv4-sp-d16 -DSTM32 -DSTM32F4 -DSTM32F429ZITx -DSTM32F429I_DISC1 -DDEBUG -DSTM32F429xx -DUSE_HAL_DRIVER -O0 -g3 -Wall -fmessage-length=0 -ffunction-sections -c -MMD -MP -MF"src/filters/kalman_MD_static/dataMD_static_debug.d" -MT"src/filters/kalman_MD_static/dataMD_static_debug.o" -o "src/filters/kalman_MD_static/dataMD_static_debug.o" "../src/filters/kalman_MD_static/dataMD_static_debug.c" @"src/filters/kalman_MD_static/includes.args"
Finished building: ../src/filters/kalman_MD_static/dataMD_static_debug.c
 
Building target: Filter.elf
Invoking: MCU GCC Linker
arm-none-eabi-gcc -mcpu=cortex-m4 -mthumb -mfloat-abi=hard -mfpu=fpv4-sp-d16 -T"C:/Users/User/project_embedded_systems/Final_Software/TheFilterFolder/Filter/LinkerScript.ld" -Wl,-Map=output.map -Wl,--gc-sections -o "Filter.elf" @"objects.list"   -lm
Finished building target: Filter.elf
 
make --no-print-directory post-build
Generating binary and Printing size information:
arm-none-eabi-objcopy -O binary "Filter.elf" "Filter.bin"
arm-none-eabi-size "Filter.elf"
   text	   data	    bss	    dec	    hex	filename
  20760	   2136	   4076	  26972	   695c	Filter.elf
 
13:47:48 **** Incremental Build of configuration Debug for project Filter ****
make -j4 all 
make: Nothing to be done for 'all'.
13:50:16 **** Incremental Build of configuration Debug for project Filter ****
make -j4 all 
Building file: ../src/filters/kalman_MD_static/dataMD_static_debug.c
Building file: ../src/filters/kalman_MD_static/infinite_loop_kalman_style_MD_static.c
Building file: ../src/filters/kalman_MD_static/kalman_filter_MD_static.c
Invoking: MCU GCC Compiler
Invoking: MCU GCC Compiler
Invoking: MCU GCC Compiler
C:\Users\User\project_embedded_systems\Final_Software\TheFilterFolder\Filter\Debug
C:\Users\User\project_embedded_systems\Final_Software\TheFilterFolder\Filter\Debug
Building file: ../src/filters/kalman_MD_static/matrix_initialize_MD_static.c
arm-none-eabi-gcc -mcpu=cortex-m4 -mthumb -mfloat-abi=hard -mfpu=fpv4-sp-d16 -DSTM32 -DSTM32F4 -DSTM32F429ZITx -DSTM32F429I_DISC1 -DDEBUG -DSTM32F429xx -DUSE_HAL_DRIVER -O0 -g3 -Wall -fmessage-length=0 -ffunction-sections -c -MMD -MP -MF"src/filters/kalman_MD_static/dataMD_static_debug.d" -MT"src/filters/kalman_MD_static/dataMD_static_debug.o" -o "src/filters/kalman_MD_static/dataMD_static_debug.o" "../src/filters/kalman_MD_static/dataMD_static_debug.c" @"src/filters/kalman_MD_static/includes.args"
arm-none-eabi-gcc -mcpu=cortex-m4 -mthumb -mfloat-abi=hard -mfpu=fpv4-sp-d16 -DSTM32 -DSTM32F4 -DSTM32F429ZITx -DSTM32F429I_DISC1 -DDEBUG -DSTM32F429xx -DUSE_HAL_DRIVER -O0 -g3 -Wall -fmessage-length=0 -ffunction-sections -c -MMD -MP -MF"src/filters/kalman_MD_static/infinite_loop_kalman_style_MD_static.d" -MT"src/filters/kalman_MD_static/infinite_loop_kalman_style_MD_static.o" -o "src/filters/kalman_MD_static/infinite_loop_kalman_style_MD_static.o" "../src/filters/kalman_MD_static/infinite_loop_kalman_style_MD_static.c" @"src/filters/kalman_MD_static/includes.args"
C:\Users\User\project_embedded_systems\Final_Software\TheFilterFolder\Filter\Debug
arm-none-eabi-gcc -mcpu=cortex-m4 -mthumb -mfloat-abi=hard -mfpu=fpv4-sp-d16 -DSTM32 -DSTM32F4 -DSTM32F429ZITx -DSTM32F429I_DISC1 -DDEBUG -DSTM32F429xx -DUSE_HAL_DRIVER -O0 -g3 -Wall -fmessage-length=0 -ffunction-sections -c -MMD -MP -MF"src/filters/kalman_MD_static/kalman_filter_MD_static.d" -MT"src/filters/kalman_MD_static/kalman_filter_MD_static.o" -o "src/filters/kalman_MD_static/kalman_filter_MD_static.o" "../src/filters/kalman_MD_static/kalman_filter_MD_static.c" @"src/filters/kalman_MD_static/includes.args"
Invoking: MCU GCC Compiler
C:\Users\User\project_embedded_systems\Final_Software\TheFilterFolder\Filter\Debug
arm-none-eabi-gcc -mcpu=cortex-m4 -mthumb -mfloat-abi=hard -mfpu=fpv4-sp-d16 -DSTM32 -DSTM32F4 -DSTM32F429ZITx -DSTM32F429I_DISC1 -DDEBUG -DSTM32F429xx -DUSE_HAL_DRIVER -O0 -g3 -Wall -fmessage-length=0 -ffunction-sections -c -MMD -MP -MF"src/filters/kalman_MD_static/matrix_initialize_MD_static.d" -MT"src/filters/kalman_MD_static/matrix_initialize_MD_static.o" -o "src/filters/kalman_MD_static/matrix_initialize_MD_static.o" "../src/filters/kalman_MD_static/matrix_initialize_MD_static.c" @"src/filters/kalman_MD_static/includes.args"
Finished building: ../src/filters/kalman_MD_static/dataMD_static_debug.c
Finished building: ../src/filters/kalman_MD_static/kalman_filter_MD_static.c
 
Finished building: ../src/filters/kalman_MD_static/matrix_initialize_MD_static.c
 
Finished building: ../src/filters/kalman_MD_static/infinite_loop_kalman_style_MD_static.c
 
 
Building target: Filter.elf
Invoking: MCU GCC Linker
arm-none-eabi-gcc -mcpu=cortex-m4 -mthumb -mfloat-abi=hard -mfpu=fpv4-sp-d16 -T"C:/Users/User/project_embedded_systems/Final_Software/TheFilterFolder/Filter/LinkerScript.ld" -Wl,-Map=output.map -Wl,--gc-sections -o "Filter.elf" @"objects.list"   -lm
Finished building target: Filter.elf
 
make --no-print-directory post-build
Generating binary and Printing size information:
arm-none-eabi-objcopy -O binary "Filter.elf" "Filter.bin"
arm-none-eabi-size "Filter.elf"
   text	   data	    bss	    dec	    hex	filename
  20760	   2136	   4076	  26972	   695c	Filter.elf
 
13:51:22 **** Incremental Build of configuration Debug for project Filter ****
make -j4 all 
make: Nothing to be done for 'all'.
13:54:47 **** Incremental Build of configuration Debug for project Filter ****
make -j4 all 
Building file: ../src/filters/kalman_MD_static/dataMD_static_debug.c
Invoking: MCU GCC Compiler
C:\Users\User\project_embedded_systems\Final_Software\TheFilterFolder\Filter\Debug
arm-none-eabi-gcc -mcpu=cortex-m4 -mthumb -mfloat-abi=hard -mfpu=fpv4-sp-d16 -DSTM32 -DSTM32F4 -DSTM32F429ZITx -DSTM32F429I_DISC1 -DDEBUG -DSTM32F429xx -DUSE_HAL_DRIVER -O0 -g3 -Wall -fmessage-length=0 -ffunction-sections -c -MMD -MP -MF"src/filters/kalman_MD_static/dataMD_static_debug.d" -MT"src/filters/kalman_MD_static/dataMD_static_debug.o" -o "src/filters/kalman_MD_static/dataMD_static_debug.o" "../src/filters/kalman_MD_static/dataMD_static_debug.c" @"src/filters/kalman_MD_static/includes.args"
Finished building: ../src/filters/kalman_MD_static/dataMD_static_debug.c
 
Building target: Filter.elf
Invoking: MCU GCC Linker
arm-none-eabi-gcc -mcpu=cortex-m4 -mthumb -mfloat-abi=hard -mfpu=fpv4-sp-d16 -T"C:/Users/User/project_embedded_systems/Final_Software/TheFilterFolder/Filter/LinkerScript.ld" -Wl,-Map=output.map -Wl,--gc-sections -o "Filter.elf" @"objects.list"   -lm
Finished building target: Filter.elf
 
make --no-print-directory post-build
Generating binary and Printing size information:
arm-none-eabi-objcopy -O binary "Filter.elf" "Filter.bin"
arm-none-eabi-size "Filter.elf"
   text	   data	    bss	    dec	    hex	filename
  20760	   2136	   4076	  26972	   695c	Filter.elf
 
13:55:13 **** Incremental Build of configuration Debug for project Filter ****
make -j4 all 
make: Nothing to be done for 'all'.
14:01:42 **** Incremental Build of configuration Debug for project Filter ****
make -j4 all 
Building file: ../src/filters/kalman_MD_static/dataMD_static_debug.c
Invoking: MCU GCC Compiler
C:\Users\User\project_embedded_systems\Final_Software\TheFilterFolder\Filter\Debug
arm-none-eabi-gcc -mcpu=cortex-m4 -mthumb -mfloat-abi=hard -mfpu=fpv4-sp-d16 -DSTM32 -DSTM32F4 -DSTM32F429ZITx -DSTM32F429I_DISC1 -DDEBUG -DSTM32F429xx -DUSE_HAL_DRIVER -O0 -g3 -Wall -fmessage-length=0 -ffunction-sections -c -MMD -MP -MF"src/filters/kalman_MD_static/dataMD_static_debug.d" -MT"src/filters/kalman_MD_static/dataMD_static_debug.o" -o "src/filters/kalman_MD_static/dataMD_static_debug.o" "../src/filters/kalman_MD_static/dataMD_static_debug.c" @"src/filters/kalman_MD_static/includes.args"
Finished building: ../src/filters/kalman_MD_static/dataMD_static_debug.c
 
Building target: Filter.elf
Invoking: MCU GCC Linker
arm-none-eabi-gcc -mcpu=cortex-m4 -mthumb -mfloat-abi=hard -mfpu=fpv4-sp-d16 -T"C:/Users/User/project_embedded_systems/Final_Software/TheFilterFolder/Filter/LinkerScript.ld" -Wl,-Map=output.map -Wl,--gc-sections -o "Filter.elf" @"objects.list"   -lm
Finished building target: Filter.elf
 
make --no-print-directory post-build
Generating binary and Printing size information:
arm-none-eabi-objcopy -O binary "Filter.elf" "Filter.bin"
arm-none-eabi-size "Filter.elf"
   text	   data	    bss	    dec	    hex	filename
  20764	   2136	   4076	  26976	   6960	Filter.elf
 
14:02:05 **** Incremental Build of configuration Debug for project Filter ****
make -j4 all 
make: Nothing to be done for 'all'.
14:03:17 **** Incremental Build of configuration Debug for project Filter ****
make -j4 all 
make: Nothing to be done for 'all'.
14:09:41 **** Incremental Build of configuration Debug for project Filter ****
make -j4 all 
Building file: ../src/filters/kalman_MD_static/dataMD_static_debug.c
Building file: ../src/filters/kalman_MD_static/infinite_loop_kalman_style_MD_static.c
Invoking: MCU GCC Compiler
Invoking: MCU GCC Compiler
Building file: ../src/filters/kalman_MD_static/kalman_filter_MD_static.c
C:\Users\User\project_embedded_systems\Final_Software\TheFilterFolder\Filter\Debug
C:\Users\User\project_embedded_systems\Final_Software\TheFilterFolder\Filter\Debug
Invoking: MCU GCC Compiler
Building file: ../src/filters/kalman_MD_static/matrix_initialize_MD_static.c
arm-none-eabi-gcc -mcpu=cortex-m4 -mthumb -mfloat-abi=hard -mfpu=fpv4-sp-d16 -DSTM32 -DSTM32F4 -DSTM32F429ZITx -DSTM32F429I_DISC1 -DDEBUG -DSTM32F429xx -DUSE_HAL_DRIVER -O0 -g3 -Wall -fmessage-length=0 -ffunction-sections -c -MMD -MP -MF"src/filters/kalman_MD_static/dataMD_static_debug.d" -MT"src/filters/kalman_MD_static/dataMD_static_debug.o" -o "src/filters/kalman_MD_static/dataMD_static_debug.o" "../src/filters/kalman_MD_static/dataMD_static_debug.c" @"src/filters/kalman_MD_static/includes.args"
arm-none-eabi-gcc -mcpu=cortex-m4 -mthumb -mfloat-abi=hard -mfpu=fpv4-sp-d16 -DSTM32 -DSTM32F4 -DSTM32F429ZITx -DSTM32F429I_DISC1 -DDEBUG -DSTM32F429xx -DUSE_HAL_DRIVER -O0 -g3 -Wall -fmessage-length=0 -ffunction-sections -c -MMD -MP -MF"src/filters/kalman_MD_static/infinite_loop_kalman_style_MD_static.d" -MT"src/filters/kalman_MD_static/infinite_loop_kalman_style_MD_static.o" -o "src/filters/kalman_MD_static/infinite_loop_kalman_style_MD_static.o" "../src/filters/kalman_MD_static/infinite_loop_kalman_style_MD_static.c" @"src/filters/kalman_MD_static/includes.args"
C:\Users\User\project_embedded_systems\Final_Software\TheFilterFolder\Filter\Debug
arm-none-eabi-gcc -mcpu=cortex-m4 -mthumb -mfloat-abi=hard -mfpu=fpv4-sp-d16 -DSTM32 -DSTM32F4 -DSTM32F429ZITx -DSTM32F429I_DISC1 -DDEBUG -DSTM32F429xx -DUSE_HAL_DRIVER -O0 -g3 -Wall -fmessage-length=0 -ffunction-sections -c -MMD -MP -MF"src/filters/kalman_MD_static/kalman_filter_MD_static.d" -MT"src/filters/kalman_MD_static/kalman_filter_MD_static.o" -o "src/filters/kalman_MD_static/kalman_filter_MD_static.o" "../src/filters/kalman_MD_static/kalman_filter_MD_static.c" @"src/filters/kalman_MD_static/includes.args"
Invoking: MCU GCC Compiler
C:\Users\User\project_embedded_systems\Final_Software\TheFilterFolder\Filter\Debug
arm-none-eabi-gcc -mcpu=cortex-m4 -mthumb -mfloat-abi=hard -mfpu=fpv4-sp-d16 -DSTM32 -DSTM32F4 -DSTM32F429ZITx -DSTM32F429I_DISC1 -DDEBUG -DSTM32F429xx -DUSE_HAL_DRIVER -O0 -g3 -Wall -fmessage-length=0 -ffunction-sections -c -MMD -MP -MF"src/filters/kalman_MD_static/matrix_initialize_MD_static.d" -MT"src/filters/kalman_MD_static/matrix_initialize_MD_static.o" -o "src/filters/kalman_MD_static/matrix_initialize_MD_static.o" "../src/filters/kalman_MD_static/matrix_initialize_MD_static.c" @"src/filters/kalman_MD_static/includes.args"
Finished building: ../src/filters/kalman_MD_static/kalman_filter_MD_static.c
 
Finished building: ../src/filters/kalman_MD_static/dataMD_static_debug.c
Finished building: ../src/filters/kalman_MD_static/infinite_loop_kalman_style_MD_static.c
 
Finished building: ../src/filters/kalman_MD_static/matrix_initialize_MD_static.c
 
 
Building target: Filter.elf
Invoking: MCU GCC Linker
arm-none-eabi-gcc -mcpu=cortex-m4 -mthumb -mfloat-abi=hard -mfpu=fpv4-sp-d16 -T"C:/Users/User/project_embedded_systems/Final_Software/TheFilterFolder/Filter/LinkerScript.ld" -Wl,-Map=output.map -Wl,--gc-sections -o "Filter.elf" @"objects.list"   -lm
Finished building target: Filter.elf
 
make --no-print-directory post-build
Generating binary and Printing size information:
arm-none-eabi-objcopy -O binary "Filter.elf" "Filter.bin"
arm-none-eabi-size "Filter.elf"
   text	   data	    bss	    dec	    hex	filename
  20784	   2136	   4076	  26996	   6974	Filter.elf
 
14:10:23 **** Incremental Build of configuration Debug for project Filter ****
make -j4 all 
make: Nothing to be done for 'all'.
14:11:32 **** Incremental Build of configuration Debug for project Filter ****
make -j4 all 
Building file: ../src/filters/kalman_MD_static/dataMD_static_debug.c
Building file: ../src/filters/kalman_MD_static/infinite_loop_kalman_style_MD_static.c
Building file: ../src/filters/kalman_MD_static/kalman_filter_MD_static.c
Invoking: MCU GCC Compiler
Invoking: MCU GCC Compiler
Invoking: MCU GCC Compiler
Building file: ../src/filters/kalman_MD_static/matrix_initialize_MD_static.c
C:\Users\User\project_embedded_systems\Final_Software\TheFilterFolder\Filter\Debug
C:\Users\User\project_embedded_systems\Final_Software\TheFilterFolder\Filter\Debug
arm-none-eabi-gcc -mcpu=cortex-m4 -mthumb -mfloat-abi=hard -mfpu=fpv4-sp-d16 -DSTM32 -DSTM32F4 -DSTM32F429ZITx -DSTM32F429I_DISC1 -DDEBUG -DSTM32F429xx -DUSE_HAL_DRIVER -O0 -g3 -Wall -fmessage-length=0 -ffunction-sections -c -MMD -MP -MF"src/filters/kalman_MD_static/dataMD_static_debug.d" -MT"src/filters/kalman_MD_static/dataMD_static_debug.o" -o "src/filters/kalman_MD_static/dataMD_static_debug.o" "../src/filters/kalman_MD_static/dataMD_static_debug.c" @"src/filters/kalman_MD_static/includes.args"
C:\Users\User\project_embedded_systems\Final_Software\TheFilterFolder\Filter\Debug
Invoking: MCU GCC Compiler
arm-none-eabi-gcc -mcpu=cortex-m4 -mthumb -mfloat-abi=hard -mfpu=fpv4-sp-d16 -DSTM32 -DSTM32F4 -DSTM32F429ZITx -DSTM32F429I_DISC1 -DDEBUG -DSTM32F429xx -DUSE_HAL_DRIVER -O0 -g3 -Wall -fmessage-length=0 -ffunction-sections -c -MMD -MP -MF"src/filters/kalman_MD_static/infinite_loop_kalman_style_MD_static.d" -MT"src/filters/kalman_MD_static/infinite_loop_kalman_style_MD_static.o" -o "src/filters/kalman_MD_static/infinite_loop_kalman_style_MD_static.o" "../src/filters/kalman_MD_static/infinite_loop_kalman_style_MD_static.c" @"src/filters/kalman_MD_static/includes.args"
arm-none-eabi-gcc -mcpu=cortex-m4 -mthumb -mfloat-abi=hard -mfpu=fpv4-sp-d16 -DSTM32 -DSTM32F4 -DSTM32F429ZITx -DSTM32F429I_DISC1 -DDEBUG -DSTM32F429xx -DUSE_HAL_DRIVER -O0 -g3 -Wall -fmessage-length=0 -ffunction-sections -c -MMD -MP -MF"src/filters/kalman_MD_static/kalman_filter_MD_static.d" -MT"src/filters/kalman_MD_static/kalman_filter_MD_static.o" -o "src/filters/kalman_MD_static/kalman_filter_MD_static.o" "../src/filters/kalman_MD_static/kalman_filter_MD_static.c" @"src/filters/kalman_MD_static/includes.args"
C:\Users\User\project_embedded_systems\Final_Software\TheFilterFolder\Filter\Debug
arm-none-eabi-gcc -mcpu=cortex-m4 -mthumb -mfloat-abi=hard -mfpu=fpv4-sp-d16 -DSTM32 -DSTM32F4 -DSTM32F429ZITx -DSTM32F429I_DISC1 -DDEBUG -DSTM32F429xx -DUSE_HAL_DRIVER -O0 -g3 -Wall -fmessage-length=0 -ffunction-sections -c -MMD -MP -MF"src/filters/kalman_MD_static/matrix_initialize_MD_static.d" -MT"src/filters/kalman_MD_static/matrix_initialize_MD_static.o" -o "src/filters/kalman_MD_static/matrix_initialize_MD_static.o" "../src/filters/kalman_MD_static/matrix_initialize_MD_static.c" @"src/filters/kalman_MD_static/includes.args"
Finished building: ../src/filters/kalman_MD_static/dataMD_static_debug.c
Finished building: ../src/filters/kalman_MD_static/infinite_loop_kalman_style_MD_static.c
 
 
Finished building: ../src/filters/kalman_MD_static/matrix_initialize_MD_static.c
 
Finished building: ../src/filters/kalman_MD_static/kalman_filter_MD_static.c
 
Building target: Filter.elf
Invoking: MCU GCC Linker
arm-none-eabi-gcc -mcpu=cortex-m4 -mthumb -mfloat-abi=hard -mfpu=fpv4-sp-d16 -T"C:/Users/User/project_embedded_systems/Final_Software/TheFilterFolder/Filter/LinkerScript.ld" -Wl,-Map=output.map -Wl,--gc-sections -o "Filter.elf" @"objects.list"   -lm
Finished building target: Filter.elf
 
make --no-print-directory post-build
Generating binary and Printing size information:
arm-none-eabi-objcopy -O binary "Filter.elf" "Filter.bin"
arm-none-eabi-size "Filter.elf"
   text	   data	    bss	    dec	    hex	filename
  20772	   2136	   4076	  26984	   6968	Filter.elf
 
14:12:13 **** Incremental Build of configuration Debug for project Filter ****
make -j4 all 
make: Nothing to be done for 'all'.
14:13:28 **** Incremental Build of configuration Debug for project Filter ****
make -j4 all 
Building file: ../src/filters/kalman_MD_static/dataMD_static_debug.c
Building file: ../src/filters/kalman_MD_static/infinite_loop_kalman_style_MD_static.c
Invoking: MCU GCC Compiler
Building file: ../src/filters/kalman_MD_static/kalman_filter_MD_static.c
Invoking: MCU GCC Compiler
C:\Users\User\project_embedded_systems\Final_Software\TheFilterFolder\Filter\Debug
arm-none-eabi-gcc -mcpu=cortex-m4 -mthumb -mfloat-abi=hard -mfpu=fpv4-sp-d16 -DSTM32 -DSTM32F4 -DSTM32F429ZITx -DSTM32F429I_DISC1 -DDEBUG -DSTM32F429xx -DUSE_HAL_DRIVER -O0 -g3 -Wall -fmessage-length=0 -ffunction-sections -c -MMD -MP -MF"src/filters/kalman_MD_static/dataMD_static_debug.d" -MT"src/filters/kalman_MD_static/dataMD_static_debug.o" -o "src/filters/kalman_MD_static/dataMD_static_debug.o" "../src/filters/kalman_MD_static/dataMD_static_debug.c" @"src/filters/kalman_MD_static/includes.args"
Invoking: MCU GCC Compiler
C:\Users\User\project_embedded_systems\Final_Software\TheFilterFolder\Filter\Debug
arm-none-eabi-gcc -mcpu=cortex-m4 -mthumb -mfloat-abi=hard -mfpu=fpv4-sp-d16 -DSTM32 -DSTM32F4 -DSTM32F429ZITx -DSTM32F429I_DISC1 -DDEBUG -DSTM32F429xx -DUSE_HAL_DRIVER -O0 -g3 -Wall -fmessage-length=0 -ffunction-sections -c -MMD -MP -MF"src/filters/kalman_MD_static/infinite_loop_kalman_style_MD_static.d" -MT"src/filters/kalman_MD_static/infinite_loop_kalman_style_MD_static.o" -o "src/filters/kalman_MD_static/infinite_loop_kalman_style_MD_static.o" "../src/filters/kalman_MD_static/infinite_loop_kalman_style_MD_static.c" @"src/filters/kalman_MD_static/includes.args"
C:\Users\User\project_embedded_systems\Final_Software\TheFilterFolder\Filter\Debug
Building file: ../src/filters/kalman_MD_static/matrix_initialize_MD_static.c
arm-none-eabi-gcc -mcpu=cortex-m4 -mthumb -mfloat-abi=hard -mfpu=fpv4-sp-d16 -DSTM32 -DSTM32F4 -DSTM32F429ZITx -DSTM32F429I_DISC1 -DDEBUG -DSTM32F429xx -DUSE_HAL_DRIVER -O0 -g3 -Wall -fmessage-length=0 -ffunction-sections -c -MMD -MP -MF"src/filters/kalman_MD_static/kalman_filter_MD_static.d" -MT"src/filters/kalman_MD_static/kalman_filter_MD_static.o" -o "src/filters/kalman_MD_static/kalman_filter_MD_static.o" "../src/filters/kalman_MD_static/kalman_filter_MD_static.c" @"src/filters/kalman_MD_static/includes.args"
Invoking: MCU GCC Compiler
C:\Users\User\project_embedded_systems\Final_Software\TheFilterFolder\Filter\Debug
arm-none-eabi-gcc -mcpu=cortex-m4 -mthumb -mfloat-abi=hard -mfpu=fpv4-sp-d16 -DSTM32 -DSTM32F4 -DSTM32F429ZITx -DSTM32F429I_DISC1 -DDEBUG -DSTM32F429xx -DUSE_HAL_DRIVER -O0 -g3 -Wall -fmessage-length=0 -ffunction-sections -c -MMD -MP -MF"src/filters/kalman_MD_static/matrix_initialize_MD_static.d" -MT"src/filters/kalman_MD_static/matrix_initialize_MD_static.o" -o "src/filters/kalman_MD_static/matrix_initialize_MD_static.o" "../src/filters/kalman_MD_static/matrix_initialize_MD_static.c" @"src/filters/kalman_MD_static/includes.args"
Finished building: ../src/filters/kalman_MD_static/dataMD_static_debug.c
Finished building: ../src/filters/kalman_MD_static/infinite_loop_kalman_style_MD_static.c
 
 
Finished building: ../src/filters/kalman_MD_static/kalman_filter_MD_static.c
 
Finished building: ../src/filters/kalman_MD_static/matrix_initialize_MD_static.c
 
Building target: Filter.elf
Invoking: MCU GCC Linker
arm-none-eabi-gcc -mcpu=cortex-m4 -mthumb -mfloat-abi=hard -mfpu=fpv4-sp-d16 -T"C:/Users/User/project_embedded_systems/Final_Software/TheFilterFolder/Filter/LinkerScript.ld" -Wl,-Map=output.map -Wl,--gc-sections -o "Filter.elf" @"objects.list"   -lm
Finished building target: Filter.elf
 
make --no-print-directory post-build
Generating binary and Printing size information:
arm-none-eabi-objcopy -O binary "Filter.elf" "Filter.bin"
arm-none-eabi-size "Filter.elf"
   text	   data	    bss	    dec	    hex	filename
  20772	   2136	   4076	  26984	   6968	Filter.elf
 
14:13:48 **** Incremental Build of configuration Debug for project Filter ****
make -j4 all 
Building file: ../src/filters/kalman_MD_static/infinite_loop_kalman_style_MD_static.c
Invoking: MCU GCC Compiler
C:\Users\User\project_embedded_systems\Final_Software\TheFilterFolder\Filter\Debug
arm-none-eabi-gcc -mcpu=cortex-m4 -mthumb -mfloat-abi=hard -mfpu=fpv4-sp-d16 -DSTM32 -DSTM32F4 -DSTM32F429ZITx -DSTM32F429I_DISC1 -DDEBUG -DSTM32F429xx -DUSE_HAL_DRIVER -O0 -g3 -Wall -fmessage-length=0 -ffunction-sections -c -MMD -MP -MF"src/filters/kalman_MD_static/infinite_loop_kalman_style_MD_static.d" -MT"src/filters/kalman_MD_static/infinite_loop_kalman_style_MD_static.o" -o "src/filters/kalman_MD_static/infinite_loop_kalman_style_MD_static.o" "../src/filters/kalman_MD_static/infinite_loop_kalman_style_MD_static.c" @"src/filters/kalman_MD_static/includes.args"
Finished building: ../src/filters/kalman_MD_static/infinite_loop_kalman_style_MD_static.c
 
Building target: Filter.elf
Invoking: MCU GCC Linker
arm-none-eabi-gcc -mcpu=cortex-m4 -mthumb -mfloat-abi=hard -mfpu=fpv4-sp-d16 -T"C:/Users/User/project_embedded_systems/Final_Software/TheFilterFolder/Filter/LinkerScript.ld" -Wl,-Map=output.map -Wl,--gc-sections -o "Filter.elf" @"objects.list"   -lm
Finished building target: Filter.elf
 
make --no-print-directory post-build
Generating binary and Printing size information:
arm-none-eabi-objcopy -O binary "Filter.elf" "Filter.bin"
arm-none-eabi-size "Filter.elf"
   text	   data	    bss	    dec	    hex	filename
  20772	   2136	   4076	  26984	   6968	Filter.elf
 
14:14:23 **** Incremental Build of configuration Debug for project Filter ****
make -j4 all 
make: Nothing to be done for 'all'.
14:22:52 **** Incremental Build of configuration Debug for project Filter ****
make -j4 all 
Building file: ../src/filters/kalman_MD_static/dataMD_static_debug.c
Building file: ../src/filters/kalman_MD_static/infinite_loop_kalman_style_MD_static.c
Building file: ../src/filters/kalman_MD_static/kalman_filter_MD_static.c
Invoking: MCU GCC Compiler
Invoking: MCU GCC Compiler
Invoking: MCU GCC Compiler
C:\Users\User\project_embedded_systems\Final_Software\TheFilterFolder\Filter\Debug
Building file: ../src/filters/kalman_MD_static/matrix_initialize_MD_static.c
arm-none-eabi-gcc -mcpu=cortex-m4 -mthumb -mfloat-abi=hard -mfpu=fpv4-sp-d16 -DSTM32 -DSTM32F4 -DSTM32F429ZITx -DSTM32F429I_DISC1 -DDEBUG -DSTM32F429xx -DUSE_HAL_DRIVER -O0 -g3 -Wall -fmessage-length=0 -ffunction-sections -c -MMD -MP -MF"src/filters/kalman_MD_static/dataMD_static_debug.d" -MT"src/filters/kalman_MD_static/dataMD_static_debug.o" -o "src/filters/kalman_MD_static/dataMD_static_debug.o" "../src/filters/kalman_MD_static/dataMD_static_debug.c" @"src/filters/kalman_MD_static/includes.args"
C:\Users\User\project_embedded_systems\Final_Software\TheFilterFolder\Filter\Debug
C:\Users\User\project_embedded_systems\Final_Software\TheFilterFolder\Filter\Debug
arm-none-eabi-gcc -mcpu=cortex-m4 -mthumb -mfloat-abi=hard -mfpu=fpv4-sp-d16 -DSTM32 -DSTM32F4 -DSTM32F429ZITx -DSTM32F429I_DISC1 -DDEBUG -DSTM32F429xx -DUSE_HAL_DRIVER -O0 -g3 -Wall -fmessage-length=0 -ffunction-sections -c -MMD -MP -MF"src/filters/kalman_MD_static/infinite_loop_kalman_style_MD_static.d" -MT"src/filters/kalman_MD_static/infinite_loop_kalman_style_MD_static.o" -o "src/filters/kalman_MD_static/infinite_loop_kalman_style_MD_static.o" "../src/filters/kalman_MD_static/infinite_loop_kalman_style_MD_static.c" @"src/filters/kalman_MD_static/includes.args"
arm-none-eabi-gcc -mcpu=cortex-m4 -mthumb -mfloat-abi=hard -mfpu=fpv4-sp-d16 -DSTM32 -DSTM32F4 -DSTM32F429ZITx -DSTM32F429I_DISC1 -DDEBUG -DSTM32F429xx -DUSE_HAL_DRIVER -O0 -g3 -Wall -fmessage-length=0 -ffunction-sections -c -MMD -MP -MF"src/filters/kalman_MD_static/kalman_filter_MD_static.d" -MT"src/filters/kalman_MD_static/kalman_filter_MD_static.o" -o "src/filters/kalman_MD_static/kalman_filter_MD_static.o" "../src/filters/kalman_MD_static/kalman_filter_MD_static.c" @"src/filters/kalman_MD_static/includes.args"
Invoking: MCU GCC Compiler
C:\Users\User\project_embedded_systems\Final_Software\TheFilterFolder\Filter\Debug
arm-none-eabi-gcc -mcpu=cortex-m4 -mthumb -mfloat-abi=hard -mfpu=fpv4-sp-d16 -DSTM32 -DSTM32F4 -DSTM32F429ZITx -DSTM32F429I_DISC1 -DDEBUG -DSTM32F429xx -DUSE_HAL_DRIVER -O0 -g3 -Wall -fmessage-length=0 -ffunction-sections -c -MMD -MP -MF"src/filters/kalman_MD_static/matrix_initialize_MD_static.d" -MT"src/filters/kalman_MD_static/matrix_initialize_MD_static.o" -o "src/filters/kalman_MD_static/matrix_initialize_MD_static.o" "../src/filters/kalman_MD_static/matrix_initialize_MD_static.c" @"src/filters/kalman_MD_static/includes.args"
Finished building: ../src/filters/kalman_MD_static/dataMD_static_debug.c
Finished building: ../src/filters/kalman_MD_static/infinite_loop_kalman_style_MD_static.c
Finished building: ../src/filters/kalman_MD_static/kalman_filter_MD_static.c
 
 
 
Finished building: ../src/filters/kalman_MD_static/matrix_initialize_MD_static.c
 
Building target: Filter.elf
Invoking: MCU GCC Linker
arm-none-eabi-gcc -mcpu=cortex-m4 -mthumb -mfloat-abi=hard -mfpu=fpv4-sp-d16 -T"C:/Users/User/project_embedded_systems/Final_Software/TheFilterFolder/Filter/LinkerScript.ld" -Wl,-Map=output.map -Wl,--gc-sections -o "Filter.elf" @"objects.list"   -lm
Finished building target: Filter.elf
 
make --no-print-directory post-build
Generating binary and Printing size information:
arm-none-eabi-objcopy -O binary "Filter.elf" "Filter.bin"
arm-none-eabi-size "Filter.elf"
   text	   data	    bss	    dec	    hex	filename
  20764	   2136	   4076	  26976	   6960	Filter.elf
 
14:23:44 **** Incremental Build of configuration Debug for project Filter ****
make -j4 all 
Building file: ../src/filters/kalman_MD_static/dataMD_static_debug.c
Building file: ../src/filters/kalman_MD_static/infinite_loop_kalman_style_MD_static.c
Invoking: MCU GCC Compiler
Invoking: MCU GCC Compiler
C:\Users\User\project_embedded_systems\Final_Software\TheFilterFolder\Filter\Debug
arm-none-eabi-gcc -mcpu=cortex-m4 -mthumb -mfloat-abi=hard -mfpu=fpv4-sp-d16 -DSTM32 -DSTM32F4 -DSTM32F429ZITx -DSTM32F429I_DISC1 -DDEBUG -DSTM32F429xx -DUSE_HAL_DRIVER -O0 -g3 -Wall -fmessage-length=0 -ffunction-sections -c -MMD -MP -MF"src/filters/kalman_MD_static/dataMD_static_debug.d" -MT"src/filters/kalman_MD_static/dataMD_static_debug.o" -o "src/filters/kalman_MD_static/dataMD_static_debug.o" "../src/filters/kalman_MD_static/dataMD_static_debug.c" @"src/filters/kalman_MD_static/includes.args"
C:\Users\User\project_embedded_systems\Final_Software\TheFilterFolder\Filter\Debug
arm-none-eabi-gcc -mcpu=cortex-m4 -mthumb -mfloat-abi=hard -mfpu=fpv4-sp-d16 -DSTM32 -DSTM32F4 -DSTM32F429ZITx -DSTM32F429I_DISC1 -DDEBUG -DSTM32F429xx -DUSE_HAL_DRIVER -O0 -g3 -Wall -fmessage-length=0 -ffunction-sections -c -MMD -MP -MF"src/filters/kalman_MD_static/infinite_loop_kalman_style_MD_static.d" -MT"src/filters/kalman_MD_static/infinite_loop_kalman_style_MD_static.o" -o "src/filters/kalman_MD_static/infinite_loop_kalman_style_MD_static.o" "../src/filters/kalman_MD_static/infinite_loop_kalman_style_MD_static.c" @"src/filters/kalman_MD_static/includes.args"
Finished building: ../src/filters/kalman_MD_static/dataMD_static_debug.c
Finished building: ../src/filters/kalman_MD_static/infinite_loop_kalman_style_MD_static.c
 
 
Building target: Filter.elf
Invoking: MCU GCC Linker
arm-none-eabi-gcc -mcpu=cortex-m4 -mthumb -mfloat-abi=hard -mfpu=fpv4-sp-d16 -T"C:/Users/User/project_embedded_systems/Final_Software/TheFilterFolder/Filter/LinkerScript.ld" -Wl,-Map=output.map -Wl,--gc-sections -o "Filter.elf" @"objects.list"   -lm
Finished building target: Filter.elf
 
make --no-print-directory post-build
Generating binary and Printing size information:
arm-none-eabi-objcopy -O binary "Filter.elf" "Filter.bin"
arm-none-eabi-size "Filter.elf"
   text	   data	    bss	    dec	    hex	filename
  20764	   2136	   4076	  26976	   6960	Filter.elf
 
14:24:04 **** Incremental Build of configuration Debug for project Filter ****
make -j4 all 
make: Nothing to be done for 'all'.
14:24:45 **** Incremental Build of configuration Debug for project Filter ****
make -j4 all 
Building file: ../src/filters/kalman_MD_static/dataMD_static_debug.c
Invoking: MCU GCC Compiler
C:\Users\User\project_embedded_systems\Final_Software\TheFilterFolder\Filter\Debug
arm-none-eabi-gcc -mcpu=cortex-m4 -mthumb -mfloat-abi=hard -mfpu=fpv4-sp-d16 -DSTM32 -DSTM32F4 -DSTM32F429ZITx -DSTM32F429I_DISC1 -DDEBUG -DSTM32F429xx -DUSE_HAL_DRIVER -O0 -g3 -Wall -fmessage-length=0 -ffunction-sections -c -MMD -MP -MF"src/filters/kalman_MD_static/dataMD_static_debug.d" -MT"src/filters/kalman_MD_static/dataMD_static_debug.o" -o "src/filters/kalman_MD_static/dataMD_static_debug.o" "../src/filters/kalman_MD_static/dataMD_static_debug.c" @"src/filters/kalman_MD_static/includes.args"
Finished building: ../src/filters/kalman_MD_static/dataMD_static_debug.c
 
Building target: Filter.elf
Invoking: MCU GCC Linker
arm-none-eabi-gcc -mcpu=cortex-m4 -mthumb -mfloat-abi=hard -mfpu=fpv4-sp-d16 -T"C:/Users/User/project_embedded_systems/Final_Software/TheFilterFolder/Filter/LinkerScript.ld" -Wl,-Map=output.map -Wl,--gc-sections -o "Filter.elf" @"objects.list"   -lm
Finished building target: Filter.elf
 
make --no-print-directory post-build
Generating binary and Printing size information:
arm-none-eabi-objcopy -O binary "Filter.elf" "Filter.bin"
arm-none-eabi-size "Filter.elf"
   text	   data	    bss	    dec	    hex	filename
  20764	   2136	   4076	  26976	   6960	Filter.elf
 
14:25:22 **** Incremental Build of configuration Debug for project Filter ****
make -j4 all 
Building file: ../src/filters/kalman_MD_static/dataMD_static_debug.c
Invoking: MCU GCC Compiler
C:\Users\User\project_embedded_systems\Final_Software\TheFilterFolder\Filter\Debug
arm-none-eabi-gcc -mcpu=cortex-m4 -mthumb -mfloat-abi=hard -mfpu=fpv4-sp-d16 -DSTM32 -DSTM32F4 -DSTM32F429ZITx -DSTM32F429I_DISC1 -DDEBUG -DSTM32F429xx -DUSE_HAL_DRIVER -O0 -g3 -Wall -fmessage-length=0 -ffunction-sections -c -MMD -MP -MF"src/filters/kalman_MD_static/dataMD_static_debug.d" -MT"src/filters/kalman_MD_static/dataMD_static_debug.o" -o "src/filters/kalman_MD_static/dataMD_static_debug.o" "../src/filters/kalman_MD_static/dataMD_static_debug.c" @"src/filters/kalman_MD_static/includes.args"
Finished building: ../src/filters/kalman_MD_static/dataMD_static_debug.c
 
Building target: Filter.elf
Invoking: MCU GCC Linker
arm-none-eabi-gcc -mcpu=cortex-m4 -mthumb -mfloat-abi=hard -mfpu=fpv4-sp-d16 -T"C:/Users/User/project_embedded_systems/Final_Software/TheFilterFolder/Filter/LinkerScript.ld" -Wl,-Map=output.map -Wl,--gc-sections -o "Filter.elf" @"objects.list"   -lm
Finished building target: Filter.elf
 
make --no-print-directory post-build
Generating binary and Printing size information:
arm-none-eabi-objcopy -O binary "Filter.elf" "Filter.bin"
arm-none-eabi-size "Filter.elf"
   text	   data	    bss	    dec	    hex	filename
  20764	   2136	   4076	  26976	   6960	Filter.elf
 
14:25:52 **** Incremental Build of configuration Debug for project Filter ****
make -j4 all 
make: Nothing to be done for 'all'.
14:26:25 **** Incremental Build of configuration Debug for project Filter ****
make -j4 all 
Building file: ../src/filters/kalman_MD_static/dataMD_static_debug.c
Invoking: MCU GCC Compiler
C:\Users\User\project_embedded_systems\Final_Software\TheFilterFolder\Filter\Debug
arm-none-eabi-gcc -mcpu=cortex-m4 -mthumb -mfloat-abi=hard -mfpu=fpv4-sp-d16 -DSTM32 -DSTM32F4 -DSTM32F429ZITx -DSTM32F429I_DISC1 -DDEBUG -DSTM32F429xx -DUSE_HAL_DRIVER -O0 -g3 -Wall -fmessage-length=0 -ffunction-sections -c -MMD -MP -MF"src/filters/kalman_MD_static/dataMD_static_debug.d" -MT"src/filters/kalman_MD_static/dataMD_static_debug.o" -o "src/filters/kalman_MD_static/dataMD_static_debug.o" "../src/filters/kalman_MD_static/dataMD_static_debug.c" @"src/filters/kalman_MD_static/includes.args"
Finished building: ../src/filters/kalman_MD_static/dataMD_static_debug.c
 
Building target: Filter.elf
Invoking: MCU GCC Linker
arm-none-eabi-gcc -mcpu=cortex-m4 -mthumb -mfloat-abi=hard -mfpu=fpv4-sp-d16 -T"C:/Users/User/project_embedded_systems/Final_Software/TheFilterFolder/Filter/LinkerScript.ld" -Wl,-Map=output.map -Wl,--gc-sections -o "Filter.elf" @"objects.list"   -lm
Finished building target: Filter.elf
 
make --no-print-directory post-build
Generating binary and Printing size information:
arm-none-eabi-objcopy -O binary "Filter.elf" "Filter.bin"
arm-none-eabi-size "Filter.elf"
   text	   data	    bss	    dec	    hex	filename
  20764	   2136	   4076	  26976	   6960	Filter.elf
 
14:26:50 **** Incremental Build of configuration Debug for project Filter ****
make -j4 all 
make: Nothing to be done for 'all'.
14:27:33 **** Incremental Build of configuration Debug for project Filter ****
make -j4 all 
Building file: ../src/filters/kalman_MD_static/dataMD_static_debug.c
Invoking: MCU GCC Compiler
C:\Users\User\project_embedded_systems\Final_Software\TheFilterFolder\Filter\Debug
arm-none-eabi-gcc -mcpu=cortex-m4 -mthumb -mfloat-abi=hard -mfpu=fpv4-sp-d16 -DSTM32 -DSTM32F4 -DSTM32F429ZITx -DSTM32F429I_DISC1 -DDEBUG -DSTM32F429xx -DUSE_HAL_DRIVER -O0 -g3 -Wall -fmessage-length=0 -ffunction-sections -c -MMD -MP -MF"src/filters/kalman_MD_static/dataMD_static_debug.d" -MT"src/filters/kalman_MD_static/dataMD_static_debug.o" -o "src/filters/kalman_MD_static/dataMD_static_debug.o" "../src/filters/kalman_MD_static/dataMD_static_debug.c" @"src/filters/kalman_MD_static/includes.args"
Finished building: ../src/filters/kalman_MD_static/dataMD_static_debug.c
 
Building target: Filter.elf
Invoking: MCU GCC Linker
arm-none-eabi-gcc -mcpu=cortex-m4 -mthumb -mfloat-abi=hard -mfpu=fpv4-sp-d16 -T"C:/Users/User/project_embedded_systems/Final_Software/TheFilterFolder/Filter/LinkerScript.ld" -Wl,-Map=output.map -Wl,--gc-sections -o "Filter.elf" @"objects.list"   -lm
Finished building target: Filter.elf
 
make --no-print-directory post-build
Generating binary and Printing size information:
arm-none-eabi-objcopy -O binary "Filter.elf" "Filter.bin"
arm-none-eabi-size "Filter.elf"
   text	   data	    bss	    dec	    hex	filename
  20764	   2136	   4076	  26976	   6960	Filter.elf
 
14:28:22 **** Incremental Build of configuration Debug for project Filter ****
make -j4 all 
make: Nothing to be done for 'all'.
14:29:09 **** Incremental Build of configuration Debug for project Filter ****
make -j4 all 
Building file: ../src/filters/kalman_MD_static/dataMD_static_debug.c
Invoking: MCU GCC Compiler
C:\Users\User\project_embedded_systems\Final_Software\TheFilterFolder\Filter\Debug
arm-none-eabi-gcc -mcpu=cortex-m4 -mthumb -mfloat-abi=hard -mfpu=fpv4-sp-d16 -DSTM32 -DSTM32F4 -DSTM32F429ZITx -DSTM32F429I_DISC1 -DDEBUG -DSTM32F429xx -DUSE_HAL_DRIVER -O0 -g3 -Wall -fmessage-length=0 -ffunction-sections -c -MMD -MP -MF"src/filters/kalman_MD_static/dataMD_static_debug.d" -MT"src/filters/kalman_MD_static/dataMD_static_debug.o" -o "src/filters/kalman_MD_static/dataMD_static_debug.o" "../src/filters/kalman_MD_static/dataMD_static_debug.c" @"src/filters/kalman_MD_static/includes.args"
Finished building: ../src/filters/kalman_MD_static/dataMD_static_debug.c
 
Building target: Filter.elf
Invoking: MCU GCC Linker
arm-none-eabi-gcc -mcpu=cortex-m4 -mthumb -mfloat-abi=hard -mfpu=fpv4-sp-d16 -T"C:/Users/User/project_embedded_systems/Final_Software/TheFilterFolder/Filter/LinkerScript.ld" -Wl,-Map=output.map -Wl,--gc-sections -o "Filter.elf" @"objects.list"   -lm
Finished building target: Filter.elf
 
make --no-print-directory post-build
Generating binary and Printing size information:
arm-none-eabi-objcopy -O binary "Filter.elf" "Filter.bin"
arm-none-eabi-size "Filter.elf"
   text	   data	    bss	    dec	    hex	filename
  20764	   2136	   4076	  26976	   6960	Filter.elf
 
14:41:59 **** Incremental Build of configuration Debug for project Filter ****
make -j4 all 
Building file: ../src/main.c
Invoking: MCU GCC Compiler
C:\Users\User\project_embedded_systems\Final_Software\TheFilterFolder\Filter\Debug
arm-none-eabi-gcc -mcpu=cortex-m4 -mthumb -mfloat-abi=hard -mfpu=fpv4-sp-d16 -DSTM32 -DSTM32F4 -DSTM32F429ZITx -DSTM32F429I_DISC1 -DDEBUG -DSTM32F429xx -DUSE_HAL_DRIVER -O0 -g3 -Wall -fmessage-length=0 -ffunction-sections -c -MMD -MP -MF"src/main.d" -MT"src/main.o" -o "src/main.o" "../src/main.c" @"src/includes.args"
Finished building: ../src/main.c
 
Building target: Filter.elf
Invoking: MCU GCC Linker
arm-none-eabi-gcc -mcpu=cortex-m4 -mthumb -mfloat-abi=hard -mfpu=fpv4-sp-d16 -T"C:/Users/User/project_embedded_systems/Final_Software/TheFilterFolder/Filter/LinkerScript.ld" -Wl,-Map=output.map -Wl,--gc-sections -o "Filter.elf" @"objects.list"   -lm
Finished building target: Filter.elf
 
make --no-print-directory post-build
Generating binary and Printing size information:
arm-none-eabi-objcopy -O binary "Filter.elf" "Filter.bin"
arm-none-eabi-size "Filter.elf"
   text	   data	    bss	    dec	    hex	filename
  20764	   2136	   4076	  26976	   6960	Filter.elf
 
14:42:46 **** Incremental Build of configuration Debug for project Filter ****
make -j4 all 
make: Nothing to be done for 'all'.
14:43:19 **** Incremental Build of configuration Debug for project Filter ****
make -j4 all 
Building file: ../src/filters/kalman_2D/data2D_debug.c
Invoking: MCU GCC Compiler
C:\Users\User\project_embedded_systems\Final_Software\TheFilterFolder\Filter\Debug
arm-none-eabi-gcc -mcpu=cortex-m4 -mthumb -mfloat-abi=hard -mfpu=fpv4-sp-d16 -DSTM32 -DSTM32F4 -DSTM32F429ZITx -DSTM32F429I_DISC1 -DDEBUG -DSTM32F429xx -DUSE_HAL_DRIVER -O0 -g3 -Wall -fmessage-length=0 -ffunction-sections -c -MMD -MP -MF"src/filters/kalman_2D/data2D_debug.d" -MT"src/filters/kalman_2D/data2D_debug.o" -o "src/filters/kalman_2D/data2D_debug.o" "../src/filters/kalman_2D/data2D_debug.c" @"src/filters/kalman_2D/includes.args"
Finished building: ../src/filters/kalman_2D/data2D_debug.c
 
Building target: Filter.elf
Invoking: MCU GCC Linker
arm-none-eabi-gcc -mcpu=cortex-m4 -mthumb -mfloat-abi=hard -mfpu=fpv4-sp-d16 -T"C:/Users/User/project_embedded_systems/Final_Software/TheFilterFolder/Filter/LinkerScript.ld" -Wl,-Map=output.map -Wl,--gc-sections -o "Filter.elf" @"objects.list"   -lm
Finished building target: Filter.elf
 
make --no-print-directory post-build
Generating binary and Printing size information:
arm-none-eabi-objcopy -O binary "Filter.elf" "Filter.bin"
arm-none-eabi-size "Filter.elf"
   text	   data	    bss	    dec	    hex	filename
  20768	   2136	   4076	  26980	   6964	Filter.elf
 
14:43:45 **** Incremental Build of configuration Debug for project Filter ****
make -j4 all 
make: Nothing to be done for 'all'.
14:47:04 **** Incremental Build of configuration Debug for project Filter ****
make -j4 all 
Building file: ../src/filters/kalman_2D/data2D_debug.c
Invoking: MCU GCC Compiler
C:\Users\User\project_embedded_systems\Final_Software\TheFilterFolder\Filter\Debug
arm-none-eabi-gcc -mcpu=cortex-m4 -mthumb -mfloat-abi=hard -mfpu=fpv4-sp-d16 -DSTM32 -DSTM32F4 -DSTM32F429ZITx -DSTM32F429I_DISC1 -DDEBUG -DSTM32F429xx -DUSE_HAL_DRIVER -O0 -g3 -Wall -fmessage-length=0 -ffunction-sections -c -MMD -MP -MF"src/filters/kalman_2D/data2D_debug.d" -MT"src/filters/kalman_2D/data2D_debug.o" -o "src/filters/kalman_2D/data2D_debug.o" "../src/filters/kalman_2D/data2D_debug.c" @"src/filters/kalman_2D/includes.args"
Finished building: ../src/filters/kalman_2D/data2D_debug.c
 
Building target: Filter.elf
Invoking: MCU GCC Linker
arm-none-eabi-gcc -mcpu=cortex-m4 -mthumb -mfloat-abi=hard -mfpu=fpv4-sp-d16 -T"C:/Users/User/project_embedded_systems/Final_Software/TheFilterFolder/Filter/LinkerScript.ld" -Wl,-Map=output.map -Wl,--gc-sections -o "Filter.elf" @"objects.list"   -lm
Finished building target: Filter.elf
 
make --no-print-directory post-build
Generating binary and Printing size information:
arm-none-eabi-objcopy -O binary "Filter.elf" "Filter.bin"
arm-none-eabi-size "Filter.elf"
   text	   data	    bss	    dec	    hex	filename
  20768	   2136	   4076	  26980	   6964	Filter.elf
 
14:47:33 **** Incremental Build of configuration Debug for project Filter ****
make -j4 all 
make: Nothing to be done for 'all'.
14:48:35 **** Incremental Build of configuration Debug for project Filter ****
make -j4 all 
Building file: ../src/filters/kalman_2D/data2D_debug.c
Invoking: MCU GCC Compiler
C:\Users\User\project_embedded_systems\Final_Software\TheFilterFolder\Filter\Debug
arm-none-eabi-gcc -mcpu=cortex-m4 -mthumb -mfloat-abi=hard -mfpu=fpv4-sp-d16 -DSTM32 -DSTM32F4 -DSTM32F429ZITx -DSTM32F429I_DISC1 -DDEBUG -DSTM32F429xx -DUSE_HAL_DRIVER -O0 -g3 -Wall -fmessage-length=0 -ffunction-sections -c -MMD -MP -MF"src/filters/kalman_2D/data2D_debug.d" -MT"src/filters/kalman_2D/data2D_debug.o" -o "src/filters/kalman_2D/data2D_debug.o" "../src/filters/kalman_2D/data2D_debug.c" @"src/filters/kalman_2D/includes.args"
Finished building: ../src/filters/kalman_2D/data2D_debug.c
 
Building target: Filter.elf
Invoking: MCU GCC Linker
arm-none-eabi-gcc -mcpu=cortex-m4 -mthumb -mfloat-abi=hard -mfpu=fpv4-sp-d16 -T"C:/Users/User/project_embedded_systems/Final_Software/TheFilterFolder/Filter/LinkerScript.ld" -Wl,-Map=output.map -Wl,--gc-sections -o "Filter.elf" @"objects.list"   -lm
Finished building target: Filter.elf
 
make --no-print-directory post-build
Generating binary and Printing size information:
arm-none-eabi-objcopy -O binary "Filter.elf" "Filter.bin"
arm-none-eabi-size "Filter.elf"
   text	   data	    bss	    dec	    hex	filename
  20768	   2136	   4076	  26980	   6964	Filter.elf
 
14:52:15 **** Incremental Build of configuration Debug for project Filter ****
make -j4 all 
Building file: ../src/filters/kalman_1D/infinite_loop_kalman_style.c
Invoking: MCU GCC Compiler
Building file: ../src/main.c
C:\Users\User\project_embedded_systems\Final_Software\TheFilterFolder\Filter\Debug
arm-none-eabi-gcc -mcpu=cortex-m4 -mthumb -mfloat-abi=hard -mfpu=fpv4-sp-d16 -DSTM32 -DSTM32F4 -DSTM32F429ZITx -DSTM32F429I_DISC1 -DDEBUG -DSTM32F429xx -DUSE_HAL_DRIVER -O0 -g3 -Wall -fmessage-length=0 -ffunction-sections -c -MMD -MP -MF"src/filters/kalman_1D/infinite_loop_kalman_style.d" -MT"src/filters/kalman_1D/infinite_loop_kalman_style.o" -o "src/filters/kalman_1D/infinite_loop_kalman_style.o" "../src/filters/kalman_1D/infinite_loop_kalman_style.c" @"src/filters/kalman_1D/includes.args"
Invoking: MCU GCC Compiler
C:\Users\User\project_embedded_systems\Final_Software\TheFilterFolder\Filter\Debug
arm-none-eabi-gcc -mcpu=cortex-m4 -mthumb -mfloat-abi=hard -mfpu=fpv4-sp-d16 -DSTM32 -DSTM32F4 -DSTM32F429ZITx -DSTM32F429I_DISC1 -DDEBUG -DSTM32F429xx -DUSE_HAL_DRIVER -O0 -g3 -Wall -fmessage-length=0 -ffunction-sections -c -MMD -MP -MF"src/main.d" -MT"src/main.o" -o "src/main.o" "../src/main.c" @"src/includes.args"
Finished building: ../src/filters/kalman_1D/infinite_loop_kalman_style.c
 
Finished building: ../src/main.c
 
Building target: Filter.elf
Invoking: MCU GCC Linker
arm-none-eabi-gcc -mcpu=cortex-m4 -mthumb -mfloat-abi=hard -mfpu=fpv4-sp-d16 -T"C:/Users/User/project_embedded_systems/Final_Software/TheFilterFolder/Filter/LinkerScript.ld" -Wl,-Map=output.map -Wl,--gc-sections -o "Filter.elf" @"objects.list"   -lm
Finished building target: Filter.elf
 
make --no-print-directory post-build
Generating binary and Printing size information:
arm-none-eabi-objcopy -O binary "Filter.elf" "Filter.bin"
arm-none-eabi-size "Filter.elf"
   text	   data	    bss	    dec	    hex	filename
  20768	   2136	   4076	  26980	   6964	Filter.elf
 
14:52:51 **** Incremental Build of configuration Debug for project Filter ****
make -j4 all 
make: Nothing to be done for 'all'.
14:53:34 **** Incremental Build of configuration Debug for project Filter ****
make -j4 all 
Building file: ../src/filters/kalman_1D/infinite_loop_kalman_style.c
Invoking: MCU GCC Compiler
C:\Users\User\project_embedded_systems\Final_Software\TheFilterFolder\Filter\Debug
arm-none-eabi-gcc -mcpu=cortex-m4 -mthumb -mfloat-abi=hard -mfpu=fpv4-sp-d16 -DSTM32 -DSTM32F4 -DSTM32F429ZITx -DSTM32F429I_DISC1 -DDEBUG -DSTM32F429xx -DUSE_HAL_DRIVER -O0 -g3 -Wall -fmessage-length=0 -ffunction-sections -c -MMD -MP -MF"src/filters/kalman_1D/infinite_loop_kalman_style.d" -MT"src/filters/kalman_1D/infinite_loop_kalman_style.o" -o "src/filters/kalman_1D/infinite_loop_kalman_style.o" "../src/filters/kalman_1D/infinite_loop_kalman_style.c" @"src/filters/kalman_1D/includes.args"
Finished building: ../src/filters/kalman_1D/infinite_loop_kalman_style.c
 
Building target: Filter.elf
Invoking: MCU GCC Linker
arm-none-eabi-gcc -mcpu=cortex-m4 -mthumb -mfloat-abi=hard -mfpu=fpv4-sp-d16 -T"C:/Users/User/project_embedded_systems/Final_Software/TheFilterFolder/Filter/LinkerScript.ld" -Wl,-Map=output.map -Wl,--gc-sections -o "Filter.elf" @"objects.list"   -lm
Finished building target: Filter.elf
 
make --no-print-directory post-build
Generating binary and Printing size information:
arm-none-eabi-objcopy -O binary "Filter.elf" "Filter.bin"
arm-none-eabi-size "Filter.elf"
   text	   data	    bss	    dec	    hex	filename
  20768	   2136	   4076	  26980	   6964	Filter.elf
 
14:54:19 **** Incremental Build of configuration Debug for project Filter ****
make -j4 all 
Building file: ../src/main.c
Invoking: MCU GCC Compiler
C:\Users\User\project_embedded_systems\Final_Software\TheFilterFolder\Filter\Debug
arm-none-eabi-gcc -mcpu=cortex-m4 -mthumb -mfloat-abi=hard -mfpu=fpv4-sp-d16 -DSTM32 -DSTM32F4 -DSTM32F429ZITx -DSTM32F429I_DISC1 -DDEBUG -DSTM32F429xx -DUSE_HAL_DRIVER -O0 -g3 -Wall -fmessage-length=0 -ffunction-sections -c -MMD -MP -MF"src/main.d" -MT"src/main.o" -o "src/main.o" "../src/main.c" @"src/includes.args"
Finished building: ../src/main.c
 
Building target: Filter.elf
Invoking: MCU GCC Linker
arm-none-eabi-gcc -mcpu=cortex-m4 -mthumb -mfloat-abi=hard -mfpu=fpv4-sp-d16 -T"C:/Users/User/project_embedded_systems/Final_Software/TheFilterFolder/Filter/LinkerScript.ld" -Wl,-Map=output.map -Wl,--gc-sections -o "Filter.elf" @"objects.list"   -lm
Finished building target: Filter.elf
 
make --no-print-directory post-build
Generating binary and Printing size information:
arm-none-eabi-objcopy -O binary "Filter.elf" "Filter.bin"
arm-none-eabi-size "Filter.elf"
   text	   data	    bss	    dec	    hex	filename
  20768	   2136	   4076	  26980	   6964	Filter.elf
 
14:59:40 **** Incremental Build of configuration Debug for project Filter ****
make -j4 all 
Building file: ../src/filters/kalman_2D/data2D_debug.c
Invoking: MCU GCC Compiler
C:\Users\User\project_embedded_systems\Final_Software\TheFilterFolder\Filter\Debug
arm-none-eabi-gcc -mcpu=cortex-m4 -mthumb -mfloat-abi=hard -mfpu=fpv4-sp-d16 -DSTM32 -DSTM32F4 -DSTM32F429ZITx -DSTM32F429I_DISC1 -DDEBUG -DSTM32F429xx -DUSE_HAL_DRIVER -O0 -g3 -Wall -fmessage-length=0 -ffunction-sections -c -MMD -MP -MF"src/filters/kalman_2D/data2D_debug.d" -MT"src/filters/kalman_2D/data2D_debug.o" -o "src/filters/kalman_2D/data2D_debug.o" "../src/filters/kalman_2D/data2D_debug.c" @"src/filters/kalman_2D/includes.args"
Finished building: ../src/filters/kalman_2D/data2D_debug.c
 
Building target: Filter.elf
Invoking: MCU GCC Linker
arm-none-eabi-gcc -mcpu=cortex-m4 -mthumb -mfloat-abi=hard -mfpu=fpv4-sp-d16 -T"C:/Users/User/project_embedded_systems/Final_Software/TheFilterFolder/Filter/LinkerScript.ld" -Wl,-Map=output.map -Wl,--gc-sections -o "Filter.elf" @"objects.list"   -lm
Finished building target: Filter.elf
 
make --no-print-directory post-build
Generating binary and Printing size information:
arm-none-eabi-objcopy -O binary "Filter.elf" "Filter.bin"
arm-none-eabi-size "Filter.elf"
   text	   data	    bss	    dec	    hex	filename
  20768	   2136	   4076	  26980	   6964	Filter.elf
 
15:00:10 **** Incremental Build of configuration Debug for project Filter ****
make -j4 all 
make: Nothing to be done for 'all'.
15:00:52 **** Incremental Build of configuration Debug for project Filter ****
make -j4 all 
Building file: ../src/filters/kalman_2D/data2D_debug.c
Invoking: MCU GCC Compiler
C:\Users\User\project_embedded_systems\Final_Software\TheFilterFolder\Filter\Debug
arm-none-eabi-gcc -mcpu=cortex-m4 -mthumb -mfloat-abi=hard -mfpu=fpv4-sp-d16 -DSTM32 -DSTM32F4 -DSTM32F429ZITx -DSTM32F429I_DISC1 -DDEBUG -DSTM32F429xx -DUSE_HAL_DRIVER -O0 -g3 -Wall -fmessage-length=0 -ffunction-sections -c -MMD -MP -MF"src/filters/kalman_2D/data2D_debug.d" -MT"src/filters/kalman_2D/data2D_debug.o" -o "src/filters/kalman_2D/data2D_debug.o" "../src/filters/kalman_2D/data2D_debug.c" @"src/filters/kalman_2D/includes.args"
Finished building: ../src/filters/kalman_2D/data2D_debug.c
 
Building target: Filter.elf
Invoking: MCU GCC Linker
arm-none-eabi-gcc -mcpu=cortex-m4 -mthumb -mfloat-abi=hard -mfpu=fpv4-sp-d16 -T"C:/Users/User/project_embedded_systems/Final_Software/TheFilterFolder/Filter/LinkerScript.ld" -Wl,-Map=output.map -Wl,--gc-sections -o "Filter.elf" @"objects.list"   -lm
Finished building target: Filter.elf
 
make --no-print-directory post-build
Generating binary and Printing size information:
arm-none-eabi-objcopy -O binary "Filter.elf" "Filter.bin"
arm-none-eabi-size "Filter.elf"
   text	   data	    bss	    dec	    hex	filename
  20764	   2136	   4076	  26976	   6960	Filter.elf
 
15:01:20 **** Incremental Build of configuration Debug for project Filter ****
make -j4 all 
Building file: ../src/filters/kalman_2D/data2D_debug.c
Invoking: MCU GCC Compiler
C:\Users\User\project_embedded_systems\Final_Software\TheFilterFolder\Filter\Debug
arm-none-eabi-gcc -mcpu=cortex-m4 -mthumb -mfloat-abi=hard -mfpu=fpv4-sp-d16 -DSTM32 -DSTM32F4 -DSTM32F429ZITx -DSTM32F429I_DISC1 -DDEBUG -DSTM32F429xx -DUSE_HAL_DRIVER -O0 -g3 -Wall -fmessage-length=0 -ffunction-sections -c -MMD -MP -MF"src/filters/kalman_2D/data2D_debug.d" -MT"src/filters/kalman_2D/data2D_debug.o" -o "src/filters/kalman_2D/data2D_debug.o" "../src/filters/kalman_2D/data2D_debug.c" @"src/filters/kalman_2D/includes.args"
Finished building: ../src/filters/kalman_2D/data2D_debug.c
 
Building target: Filter.elf
Invoking: MCU GCC Linker
arm-none-eabi-gcc -mcpu=cortex-m4 -mthumb -mfloat-abi=hard -mfpu=fpv4-sp-d16 -T"C:/Users/User/project_embedded_systems/Final_Software/TheFilterFolder/Filter/LinkerScript.ld" -Wl,-Map=output.map -Wl,--gc-sections -o "Filter.elf" @"objects.list"   -lm
Finished building target: Filter.elf
 
make --no-print-directory post-build
Generating binary and Printing size information:
arm-none-eabi-objcopy -O binary "Filter.elf" "Filter.bin"
arm-none-eabi-size "Filter.elf"
   text	   data	    bss	    dec	    hex	filename
  20764	   2136	   4076	  26976	   6960	Filter.elf
 
15:02:32 **** Incremental Build of configuration Debug for project Filter ****
make -j4 all 
Building file: ../src/filters/kalman_2D/data2D_debug.c
Invoking: MCU GCC Compiler
C:\Users\User\project_embedded_systems\Final_Software\TheFilterFolder\Filter\Debug
arm-none-eabi-gcc -mcpu=cortex-m4 -mthumb -mfloat-abi=hard -mfpu=fpv4-sp-d16 -DSTM32 -DSTM32F4 -DSTM32F429ZITx -DSTM32F429I_DISC1 -DDEBUG -DSTM32F429xx -DUSE_HAL_DRIVER -O0 -g3 -Wall -fmessage-length=0 -ffunction-sections -c -MMD -MP -MF"src/filters/kalman_2D/data2D_debug.d" -MT"src/filters/kalman_2D/data2D_debug.o" -o "src/filters/kalman_2D/data2D_debug.o" "../src/filters/kalman_2D/data2D_debug.c" @"src/filters/kalman_2D/includes.args"
Finished building: ../src/filters/kalman_2D/data2D_debug.c
 
Building target: Filter.elf
Invoking: MCU GCC Linker
arm-none-eabi-gcc -mcpu=cortex-m4 -mthumb -mfloat-abi=hard -mfpu=fpv4-sp-d16 -T"C:/Users/User/project_embedded_systems/Final_Software/TheFilterFolder/Filter/LinkerScript.ld" -Wl,-Map=output.map -Wl,--gc-sections -o "Filter.elf" @"objects.list"   -lm
Finished building target: Filter.elf
 
make --no-print-directory post-build
Generating binary and Printing size information:
arm-none-eabi-objcopy -O binary "Filter.elf" "Filter.bin"
arm-none-eabi-size "Filter.elf"
   text	   data	    bss	    dec	    hex	filename
  20768	   2136	   4076	  26980	   6964	Filter.elf
 
15:03:01 **** Incremental Build of configuration Debug for project Filter ****
make -j4 all 
make: Nothing to be done for 'all'.
15:03:31 **** Incremental Build of configuration Debug for project Filter ****
make -j4 all 
Building file: ../src/filters/kalman_2D/data2D_debug.c
Invoking: MCU GCC Compiler
C:\Users\User\project_embedded_systems\Final_Software\TheFilterFolder\Filter\Debug
arm-none-eabi-gcc -mcpu=cortex-m4 -mthumb -mfloat-abi=hard -mfpu=fpv4-sp-d16 -DSTM32 -DSTM32F4 -DSTM32F429ZITx -DSTM32F429I_DISC1 -DDEBUG -DSTM32F429xx -DUSE_HAL_DRIVER -O0 -g3 -Wall -fmessage-length=0 -ffunction-sections -c -MMD -MP -MF"src/filters/kalman_2D/data2D_debug.d" -MT"src/filters/kalman_2D/data2D_debug.o" -o "src/filters/kalman_2D/data2D_debug.o" "../src/filters/kalman_2D/data2D_debug.c" @"src/filters/kalman_2D/includes.args"
Finished building: ../src/filters/kalman_2D/data2D_debug.c
 
Building target: Filter.elf
Invoking: MCU GCC Linker
arm-none-eabi-gcc -mcpu=cortex-m4 -mthumb -mfloat-abi=hard -mfpu=fpv4-sp-d16 -T"C:/Users/User/project_embedded_systems/Final_Software/TheFilterFolder/Filter/LinkerScript.ld" -Wl,-Map=output.map -Wl,--gc-sections -o "Filter.elf" @"objects.list"   -lm
Finished building target: Filter.elf
 
make --no-print-directory post-build
Generating binary and Printing size information:
arm-none-eabi-objcopy -O binary "Filter.elf" "Filter.bin"
arm-none-eabi-size "Filter.elf"
   text	   data	    bss	    dec	    hex	filename
  20768	   2136	   4076	  26980	   6964	Filter.elf
 
15:03:54 **** Incremental Build of configuration Debug for project Filter ****
make -j4 all 
make: Nothing to be done for 'all'.
15:04:39 **** Incremental Build of configuration Debug for project Filter ****
make -j4 all 
Building file: ../src/filters/kalman_2D/data2D_debug.c
Invoking: MCU GCC Compiler
C:\Users\User\project_embedded_systems\Final_Software\TheFilterFolder\Filter\Debug
arm-none-eabi-gcc -mcpu=cortex-m4 -mthumb -mfloat-abi=hard -mfpu=fpv4-sp-d16 -DSTM32 -DSTM32F4 -DSTM32F429ZITx -DSTM32F429I_DISC1 -DDEBUG -DSTM32F429xx -DUSE_HAL_DRIVER -O0 -g3 -Wall -fmessage-length=0 -ffunction-sections -c -MMD -MP -MF"src/filters/kalman_2D/data2D_debug.d" -MT"src/filters/kalman_2D/data2D_debug.o" -o "src/filters/kalman_2D/data2D_debug.o" "../src/filters/kalman_2D/data2D_debug.c" @"src/filters/kalman_2D/includes.args"
[...]
C:\Users\User\project_embedded_systems\Final_Software\TheFilterFolder\Filter\Debug
arm-none-eabi-gcc -mcpu=cortex-m4 -mthumb -mfloat-abi=hard -mfpu=fpv4-sp-d16 -DSTM32 -DSTM32F4 -DSTM32F429ZITx -DSTM32F429I_DISC1 -DDEBUG -DSTM32F429xx -DUSE_HAL_DRIVER -O0 -g3 -Wall -fmessage-length=0 -ffunction-sections -c -MMD -MP -MF"src/filters/kalman_3D/matrix_initialize_3D.d" -MT"src/filters/kalman_3D/matrix_initialize_3D.o" -o "src/filters/kalman_3D/matrix_initialize_3D.o" "../src/filters/kalman_3D/matrix_initialize_3D.c" @"src/filters/kalman_3D/includes.args"
../src/filters/kalman_3D/data3D_debug.c:11:10: fatal error: kalman_filter_3D.h: No such file or directory
 #include "kalman_filter_3D.h"
          ^~~~~~~~~~~~~~~~~~~~
compilation terminated.
src/filters/kalman_3D/subdir.mk:24: recipe for target 'src/filters/kalman_3D/data3D_debug.o' failed
make: *** [src/filters/kalman_3D/data3D_debug.o] Error 1
make: *** Waiting for unfinished jobs....
../src/filters/kalman_3D/infinite_loop_kalman_style_3D.c:15:10: fatal error: kalman_filter_3D.h: No such file or directory
 #include "kalman_filter_3D.h"
          ^~~~~~~~~~~~~~~~~~~~
compilation terminated.
make: *** [src/filters/kalman_3D/infinite_loop_kalman_style_3D.o] Error 1
src/filters/kalman_3D/subdir.mk:24: recipe for target 'src/filters/kalman_3D/infinite_loop_kalman_style_3D.o' failed
In file included from ../src/filters/kalman_3D/matrix_initialize_3D.c:10:0:
C:/Users/User/project_embedded_systems/Final_Software/TheFilterFolder/Filter/inc/filters/kalman_3D/matrix_initialize_3D.h:12:10: fatal error: kalman_filter_3D.h: No such file or directory
 #include "kalman_filter_3D.h"
          ^~~~~~~~~~~~~~~~~~~~
compilation terminated.
src/filters/kalman_3D/subdir.mk:24: recipe for target 'src/filters/kalman_3D/matrix_initialize_3D.o' failed
make: *** [src/filters/kalman_3D/matrix_initialize_3D.o] Error 1
12:30:14 **** Incremental Build of configuration Debug for project Filter ****
make -j4 all 
Building file: ../src/filters/kalman_3D/data3D_debug.c
Building file: ../src/filters/kalman_3D/infinite_loop_kalman_style_3D.c
Building file: ../src/filters/kalman_3D/matrix_initialize_3D.c
Invoking: MCU GCC Compiler
Invoking: MCU GCC Compiler
Invoking: MCU GCC Compiler
C:\Users\User\project_embedded_systems\Final_Software\TheFilterFolder\Filter\Debug
C:\Users\User\project_embedded_systems\Final_Software\TheFilterFolder\Filter\Debug
arm-none-eabi-gcc -mcpu=cortex-m4 -mthumb -mfloat-abi=hard -mfpu=fpv4-sp-d16 -DSTM32 -DSTM32F4 -DSTM32F429ZITx -DSTM32F429I_DISC1 -DDEBUG -DSTM32F429xx -DUSE_HAL_DRIVER -O0 -g3 -Wall -fmessage-length=0 -ffunction-sections -c -MMD -MP -MF"src/filters/kalman_3D/data3D_debug.d" -MT"src/filters/kalman_3D/data3D_debug.o" -o "src/filters/kalman_3D/data3D_debug.o" "../src/filters/kalman_3D/data3D_debug.c" @"src/filters/kalman_3D/includes.args"
C:\Users\User\project_embedded_systems\Final_Software\TheFilterFolder\Filter\Debug
arm-none-eabi-gcc -mcpu=cortex-m4 -mthumb -mfloat-abi=hard -mfpu=fpv4-sp-d16 -DSTM32 -DSTM32F4 -DSTM32F429ZITx -DSTM32F429I_DISC1 -DDEBUG -DSTM32F429xx -DUSE_HAL_DRIVER -O0 -g3 -Wall -fmessage-length=0 -ffunction-sections -c -MMD -MP -MF"src/filters/kalman_3D/infinite_loop_kalman_style_3D.d" -MT"src/filters/kalman_3D/infinite_loop_kalman_style_3D.o" -o "src/filters/kalman_3D/infinite_loop_kalman_style_3D.o" "../src/filters/kalman_3D/infinite_loop_kalman_style_3D.c" @"src/filters/kalman_3D/includes.args"
arm-none-eabi-gcc -mcpu=cortex-m4 -mthumb -mfloat-abi=hard -mfpu=fpv4-sp-d16 -DSTM32 -DSTM32F4 -DSTM32F429ZITx -DSTM32F429I_DISC1 -DDEBUG -DSTM32F429xx -DUSE_HAL_DRIVER -O0 -g3 -Wall -fmessage-length=0 -ffunction-sections -c -MMD -MP -MF"src/filters/kalman_3D/matrix_initialize_3D.d" -MT"src/filters/kalman_3D/matrix_initialize_3D.o" -o "src/filters/kalman_3D/matrix_initialize_3D.o" "../src/filters/kalman_3D/matrix_initialize_3D.c" @"src/filters/kalman_3D/includes.args"
../src/filters/kalman_3D/data3D_debug.c:11:10: fatal error: kalman_filter_3D.h: No such file or directory
 #include "kalman_filter_3D.h"
          ^~~~~~~~~~~~~~~~~~~~
compilation terminated.
src/filters/kalman_3D/subdir.mk:24: recipe for target 'src/filters/kalman_3D/data3D_debug.o' failed
make: *** [src/filters/kalman_3D/data3D_debug.o] Error 1
make: *** Waiting for unfinished jobs....
../src/filters/kalman_3D/infinite_loop_kalman_style_3D.c:15:10: fatal error: kalman_filter_3D.h: No such file or directory
 #include "kalman_filter_3D.h"
          ^~~~~~~~~~~~~~~~~~~~
compilation terminated.
make: *** [src/filters/kalman_3D/infinite_loop_kalman_style_3D.o] Error 1
src/filters/kalman_3D/subdir.mk:24: recipe for target 'src/filters/kalman_3D/infinite_loop_kalman_style_3D.o' failed
Finished building: ../src/filters/kalman_3D/matrix_initialize_3D.c
 
12:30:57 **** Incremental Build of configuration Debug for project Filter ****
make -j4 all 
Building file: ../src/filters/kalman_3D/data3D_debug.c
Building file: ../src/filters/kalman_3D/infinite_loop_kalman_style_3D.c
Invoking: MCU GCC Compiler
Invoking: MCU GCC Compiler
C:\Users\User\project_embedded_systems\Final_Software\TheFilterFolder\Filter\Debug
arm-none-eabi-gcc -mcpu=cortex-m4 -mthumb -mfloat-abi=hard -mfpu=fpv4-sp-d16 -DSTM32 -DSTM32F4 -DSTM32F429ZITx -DSTM32F429I_DISC1 -DDEBUG -DSTM32F429xx -DUSE_HAL_DRIVER -O0 -g3 -Wall -fmessage-length=0 -ffunction-sections -c -MMD -MP -MF"src/filters/kalman_3D/data3D_debug.d" -MT"src/filters/kalman_3D/data3D_debug.o" -o "src/filters/kalman_3D/data3D_debug.o" "../src/filters/kalman_3D/data3D_debug.c" @"src/filters/kalman_3D/includes.args"
C:\Users\User\project_embedded_systems\Final_Software\TheFilterFolder\Filter\Debug
arm-none-eabi-gcc -mcpu=cortex-m4 -mthumb -mfloat-abi=hard -mfpu=fpv4-sp-d16 -DSTM32 -DSTM32F4 -DSTM32F429ZITx -DSTM32F429I_DISC1 -DDEBUG -DSTM32F429xx -DUSE_HAL_DRIVER -O0 -g3 -Wall -fmessage-length=0 -ffunction-sections -c -MMD -MP -MF"src/filters/kalman_3D/infinite_loop_kalman_style_3D.d" -MT"src/filters/kalman_3D/infinite_loop_kalman_style_3D.o" -o "src/filters/kalman_3D/infinite_loop_kalman_style_3D.o" "../src/filters/kalman_3D/infinite_loop_kalman_style_3D.c" @"src/filters/kalman_3D/includes.args"
Finished building: ../src/filters/kalman_3D/data3D_debug.c
Finished building: ../src/filters/kalman_3D/infinite_loop_kalman_style_3D.c
 
 
Building target: Filter.elf
Invoking: MCU GCC Linker
arm-none-eabi-gcc -mcpu=cortex-m4 -mthumb -mfloat-abi=hard -mfpu=fpv4-sp-d16 -T"C:/Users/User/project_embedded_systems/Final_Software/TheFilterFolder/Filter/LinkerScript.ld" -Wl,-Map=output.map -Wl,--gc-sections -o "Filter.elf" @"objects.list"   -lm
Finished building target: Filter.elf
 
make --no-print-directory post-build
Generating binary and Printing size information:
arm-none-eabi-objcopy -O binary "Filter.elf" "Filter.bin"
arm-none-eabi-size "Filter.elf"
   text	   data	    bss	    dec	    hex	filename
  25604	   2136	   4076	  31816	   7c48	Filter.elf
 
12:31:23 **** Incremental Build of configuration Debug for project Filter ****
make -j4 all 
make: Nothing to be done for 'all'.
12:32:45 **** Incremental Build of configuration Debug for project Filter ****
make -j4 all 
Building file: ../src/main.c
Invoking: MCU GCC Compiler
C:\Users\User\project_embedded_systems\Final_Software\TheFilterFolder\Filter\Debug
arm-none-eabi-gcc -mcpu=cortex-m4 -mthumb -mfloat-abi=hard -mfpu=fpv4-sp-d16 -DSTM32 -DSTM32F4 -DSTM32F429ZITx -DSTM32F429I_DISC1 -DDEBUG -DSTM32F429xx -DUSE_HAL_DRIVER -O0 -g3 -Wall -fmessage-length=0 -ffunction-sections -c -MMD -MP -MF"src/main.d" -MT"src/main.o" -o "src/main.o" "../src/main.c" @"src/includes.args"
Finished building: ../src/main.c
 
Building target: Filter.elf
Invoking: MCU GCC Linker
arm-none-eabi-gcc -mcpu=cortex-m4 -mthumb -mfloat-abi=hard -mfpu=fpv4-sp-d16 -T"C:/Users/User/project_embedded_systems/Final_Software/TheFilterFolder/Filter/LinkerScript.ld" -Wl,-Map=output.map -Wl,--gc-sections -o "Filter.elf" @"objects.list"   -lm
Finished building target: Filter.elf
 
make --no-print-directory post-build
Generating binary and Printing size information:
arm-none-eabi-objcopy -O binary "Filter.elf" "Filter.bin"
arm-none-eabi-size "Filter.elf"
   text	   data	    bss	    dec	    hex	filename
  25604	   2136	   4076	  31816	   7c48	Filter.elf
 
12:33:23 **** Incremental Build of configuration Debug for project Filter ****
make -j4 all 
make: Nothing to be done for 'all'.
12:35:57 **** Incremental Build of configuration Debug for project Filter ****
make -j4 all 
Building file: ../src/filters/kalman_4D/data4D_debug.c
Building file: ../src/filters/kalman_4D/infinite_loop_kalman_style_4D.c
Invoking: MCU GCC Compiler
Building file: ../src/filters/kalman_4D/matrix_initialize_4D.c
Invoking: MCU GCC Compiler
C:\Users\User\project_embedded_systems\Final_Software\TheFilterFolder\Filter\Debug
arm-none-eabi-gcc -mcpu=cortex-m4 -mthumb -mfloat-abi=hard -mfpu=fpv4-sp-d16 -DSTM32 -DSTM32F4 -DSTM32F429ZITx -DSTM32F429I_DISC1 -DDEBUG -DSTM32F429xx -DUSE_HAL_DRIVER -O0 -g3 -Wall -fmessage-length=0 -ffunction-sections -c -MMD -MP -MF"src/filters/kalman_4D/data4D_debug.d" -MT"src/filters/kalman_4D/data4D_debug.o" -o "src/filters/kalman_4D/data4D_debug.o" "../src/filters/kalman_4D/data4D_debug.c" @"src/filters/kalman_4D/includes.args"
Invoking: MCU GCC Compiler
C:\Users\User\project_embedded_systems\Final_Software\TheFilterFolder\Filter\Debug
arm-none-eabi-gcc -mcpu=cortex-m4 -mthumb -mfloat-abi=hard -mfpu=fpv4-sp-d16 -DSTM32 -DSTM32F4 -DSTM32F429ZITx -DSTM32F429I_DISC1 -DDEBUG -DSTM32F429xx -DUSE_HAL_DRIVER -O0 -g3 -Wall -fmessage-length=0 -ffunction-sections -c -MMD -MP -MF"src/filters/kalman_4D/infinite_loop_kalman_style_4D.d" -MT"src/filters/kalman_4D/infinite_loop_kalman_style_4D.o" -o "src/filters/kalman_4D/infinite_loop_kalman_style_4D.o" "../src/filters/kalman_4D/infinite_loop_kalman_style_4D.c" @"src/filters/kalman_4D/includes.args"
C:\Users\User\project_embedded_systems\Final_Software\TheFilterFolder\Filter\Debug
arm-none-eabi-gcc -mcpu=cortex-m4 -mthumb -mfloat-abi=hard -mfpu=fpv4-sp-d16 -DSTM32 -DSTM32F4 -DSTM32F429ZITx -DSTM32F429I_DISC1 -DDEBUG -DSTM32F429xx -DUSE_HAL_DRIVER -O0 -g3 -Wall -fmessage-length=0 -ffunction-sections -c -MMD -MP -MF"src/filters/kalman_4D/matrix_initialize_4D.d" -MT"src/filters/kalman_4D/matrix_initialize_4D.o" -o "src/filters/kalman_4D/matrix_initialize_4D.o" "../src/filters/kalman_4D/matrix_initialize_4D.c" @"src/filters/kalman_4D/includes.args"
../src/filters/kalman_4D/data4D_debug.c:11:10: fatal error: kalman_filter_4D.h: No such file or directory
 #include "kalman_filter_4D.h"
          ^~~~~~~~~~~~~~~~~~~~
compilation terminated.
make: *** [src/filters/kalman_4D/data4D_debug.o] Error 1
src/filters/kalman_4D/subdir.mk:24: recipe for target 'src/filters/kalman_4D/data4D_debug.o' failed
make: *** Waiting for unfinished jobs....
In file included from ../src/filters/kalman_4D/matrix_initialize_4D.c:10:0:
C:/Users/User/project_embedded_systems/Final_Software/TheFilterFolder/Filter/inc/filters/kalman_4D/matrix_initialize_4D.h:12:10: fatal error: kalman_filter_4D.h: No such file or directory
 #include "kalman_filter_4D.h"
          ^~~~~~~~~~~~~~~~~~~~
compilation terminated.
In file included from ../src/filters/kalman_4D/infinite_loop_kalman_style_4D.c:19:0:
C:/Users/User/project_embedded_systems/Final_Software/TheFilterFolder/Filter/inc/filters/kalman_4D/matrix_initialize_4D.h:12:10: fatal error: kalman_filter_4D.h: No such file or directory
 #include "kalman_filter_4D.h"
          ^~~~~~~~~~~~~~~~~~~~
compilation terminated.
src/filters/kalman_4D/subdir.mk:24: recipe for target 'src/filters/kalman_4D/matrix_initialize_4D.o' failed
make: *** [src/filters/kalman_4D/matrix_initialize_4D.o] Error 1
make: *** [src/filters/kalman_4D/infinite_loop_kalman_style_4D.o] Error 1
src/filters/kalman_4D/subdir.mk:24: recipe for target 'src/filters/kalman_4D/infinite_loop_kalman_style_4D.o' failed
12:36:21 **** Incremental Build of configuration Debug for project Filter ****
make -j4 all 
Building file: ../src/filters/kalman_4D/data4D_debug.c
Building file: ../src/filters/kalman_4D/infinite_loop_kalman_style_4D.c
Building file: ../src/filters/kalman_4D/matrix_initialize_4D.c
Invoking: MCU GCC Compiler
Invoking: MCU GCC Compiler
Invoking: MCU GCC Compiler
C:\Users\User\project_embedded_systems\Final_Software\TheFilterFolder\Filter\Debug
C:\Users\User\project_embedded_systems\Final_Software\TheFilterFolder\Filter\Debug
arm-none-eabi-gcc -mcpu=cortex-m4 -mthumb -mfloat-abi=hard -mfpu=fpv4-sp-d16 -DSTM32 -DSTM32F4 -DSTM32F429ZITx -DSTM32F429I_DISC1 -DDEBUG -DSTM32F429xx -DUSE_HAL_DRIVER -O0 -g3 -Wall -fmessage-length=0 -ffunction-sections -c -MMD -MP -MF"src/filters/kalman_4D/data4D_debug.d" -MT"src/filters/kalman_4D/data4D_debug.o" -o "src/filters/kalman_4D/data4D_debug.o" "../src/filters/kalman_4D/data4D_debug.c" @"src/filters/kalman_4D/includes.args"
C:\Users\User\project_embedded_systems\Final_Software\TheFilterFolder\Filter\Debug
arm-none-eabi-gcc -mcpu=cortex-m4 -mthumb -mfloat-abi=hard -mfpu=fpv4-sp-d16 -DSTM32 -DSTM32F4 -DSTM32F429ZITx -DSTM32F429I_DISC1 -DDEBUG -DSTM32F429xx -DUSE_HAL_DRIVER -O0 -g3 -Wall -fmessage-length=0 -ffunction-sections -c -MMD -MP -MF"src/filters/kalman_4D/infinite_loop_kalman_style_4D.d" -MT"src/filters/kalman_4D/infinite_loop_kalman_style_4D.o" -o "src/filters/kalman_4D/infinite_loop_kalman_style_4D.o" "../src/filters/kalman_4D/infinite_loop_kalman_style_4D.c" @"src/filters/kalman_4D/includes.args"
arm-none-eabi-gcc -mcpu=cortex-m4 -mthumb -mfloat-abi=hard -mfpu=fpv4-sp-d16 -DSTM32 -DSTM32F4 -DSTM32F429ZITx -DSTM32F429I_DISC1 -DDEBUG -DSTM32F429xx -DUSE_HAL_DRIVER -O0 -g3 -Wall -fmessage-length=0 -ffunction-sections -c -MMD -MP -MF"src/filters/kalman_4D/matrix_initialize_4D.d" -MT"src/filters/kalman_4D/matrix_initialize_4D.o" -o "src/filters/kalman_4D/matrix_initialize_4D.o" "../src/filters/kalman_4D/matrix_initialize_4D.c" @"src/filters/kalman_4D/includes.args"
../src/filters/kalman_4D/data4D_debug.c:11:10: fatal error: kalman_filter_4D.h: No such file or directory
 #include "kalman_filter_4D.h"
          ^~~~~~~~~~~~~~~~~~~~
compilation terminated.
src/filters/kalman_4D/subdir.mk:24: recipe for target 'src/filters/kalman_4D/data4D_debug.o' failed
make: *** [src/filters/kalman_4D/data4D_debug.o] Error 1
make: *** Waiting for unfinished jobs....
In file included from ../src/filters/kalman_4D/infinite_loop_kalman_style_4D.c:19:0:
C:/Users/User/project_embedded_systems/Final_Software/TheFilterFolder/Filter/inc/filters/kalman_4D/matrix_initialize_4D.h:12:10: fatal error: kalman_filter_4D.h: No such file or directory
 #include "kalman_filter_4D.h"
          ^~~~~~~~~~~~~~~~~~~~
compilation terminated.
src/filters/kalman_4D/subdir.mk:24: recipe for target 'src/filters/kalman_4D/infinite_loop_kalman_style_4D.o' failed
make: *** [src/filters/kalman_4D/infinite_loop_kalman_style_4D.o] Error 1
In file included from ../src/filters/kalman_4D/matrix_initialize_4D.c:10:0:
C:/Users/User/project_embedded_systems/Final_Software/TheFilterFolder/Filter/inc/filters/kalman_4D/matrix_initialize_4D.h:12:10: fatal error: kalman_filter_4D.h: No such file or directory
 #include "kalman_filter_4D.h"
          ^~~~~~~~~~~~~~~~~~~~
compilation terminated.
src/filters/kalman_4D/subdir.mk:24: recipe for target 'src/filters/kalman_4D/matrix_initialize_4D.o' failed
make: *** [src/filters/kalman_4D/matrix_initialize_4D.o] Error 1
12:36:37 **** Incremental Build of configuration Debug for project Filter ****
make -j4 all 
Building file: ../src/filters/kalman_4D/data4D_debug.c
Building file: ../src/filters/kalman_4D/infinite_loop_kalman_style_4D.c
Building file: ../src/filters/kalman_4D/matrix_initialize_4D.c
Invoking: MCU GCC Compiler
Invoking: MCU GCC Compiler
Invoking: MCU GCC Compiler
C:\Users\User\project_embedded_systems\Final_Software\TheFilterFolder\Filter\Debug
arm-none-eabi-gcc -mcpu=cortex-m4 -mthumb -mfloat-abi=hard -mfpu=fpv4-sp-d16 -DSTM32 -DSTM32F4 -DSTM32F429ZITx -DSTM32F429I_DISC1 -DDEBUG -DSTM32F429xx -DUSE_HAL_DRIVER -O0 -g3 -Wall -fmessage-length=0 -ffunction-sections -c -MMD -MP -MF"src/filters/kalman_4D/data4D_debug.d" -MT"src/filters/kalman_4D/data4D_debug.o" -o "src/filters/kalman_4D/data4D_debug.o" "../src/filters/kalman_4D/data4D_debug.c" @"src/filters/kalman_4D/includes.args"
C:\Users\User\project_embedded_systems\Final_Software\TheFilterFolder\Filter\Debug
arm-none-eabi-gcc -mcpu=cortex-m4 -mthumb -mfloat-abi=hard -mfpu=fpv4-sp-d16 -DSTM32 -DSTM32F4 -DSTM32F429ZITx -DSTM32F429I_DISC1 -DDEBUG -DSTM32F429xx -DUSE_HAL_DRIVER -O0 -g3 -Wall -fmessage-length=0 -ffunction-sections -c -MMD -MP -MF"src/filters/kalman_4D/infinite_loop_kalman_style_4D.d" -MT"src/filters/kalman_4D/infinite_loop_kalman_style_4D.o" -o "src/filters/kalman_4D/infinite_loop_kalman_style_4D.o" "../src/filters/kalman_4D/infinite_loop_kalman_style_4D.c" @"src/filters/kalman_4D/includes.args"
C:\Users\User\project_embedded_systems\Final_Software\TheFilterFolder\Filter\Debug
arm-none-eabi-gcc -mcpu=cortex-m4 -mthumb -mfloat-abi=hard -mfpu=fpv4-sp-d16 -DSTM32 -DSTM32F4 -DSTM32F429ZITx -DSTM32F429I_DISC1 -DDEBUG -DSTM32F429xx -DUSE_HAL_DRIVER -O0 -g3 -Wall -fmessage-length=0 -ffunction-sections -c -MMD -MP -MF"src/filters/kalman_4D/matrix_initialize_4D.d" -MT"src/filters/kalman_4D/matrix_initialize_4D.o" -o "src/filters/kalman_4D/matrix_initialize_4D.o" "../src/filters/kalman_4D/matrix_initialize_4D.c" @"src/filters/kalman_4D/includes.args"
../src/filters/kalman_4D/data4D_debug.c:11:10: fatal error: kalman_filter_4D.h: No such file or directory
 #include "kalman_filter_4D.h"
          ^~~~~~~~~~~~~~~~~~~~
compilation terminated.
src/filters/kalman_4D/subdir.mk:24: recipe for target 'src/filters/kalman_4D/data4D_debug.o' failed
make: *** [src/filters/kalman_4D/data4D_debug.o] Error 1
make: *** Waiting for unfinished jobs....
Finished building: ../src/filters/kalman_4D/infinite_loop_kalman_style_4D.c
Finished building: ../src/filters/kalman_4D/matrix_initialize_4D.c
 
 
12:36:54 **** Incremental Build of configuration Debug for project Filter ****
make -j4 all 
Building file: ../src/filters/kalman_4D/data4D_debug.c
Invoking: MCU GCC Compiler
C:\Users\User\project_embedded_systems\Final_Software\TheFilterFolder\Filter\Debug
arm-none-eabi-gcc -mcpu=cortex-m4 -mthumb -mfloat-abi=hard -mfpu=fpv4-sp-d16 -DSTM32 -DSTM32F4 -DSTM32F429ZITx -DSTM32F429I_DISC1 -DDEBUG -DSTM32F429xx -DUSE_HAL_DRIVER -O0 -g3 -Wall -fmessage-length=0 -ffunction-sections -c -MMD -MP -MF"src/filters/kalman_4D/data4D_debug.d" -MT"src/filters/kalman_4D/data4D_debug.o" -o "src/filters/kalman_4D/data4D_debug.o" "../src/filters/kalman_4D/data4D_debug.c" @"src/filters/kalman_4D/includes.args"
Finished building: ../src/filters/kalman_4D/data4D_debug.c
 
Building target: Filter.elf
Invoking: MCU GCC Linker
arm-none-eabi-gcc -mcpu=cortex-m4 -mthumb -mfloat-abi=hard -mfpu=fpv4-sp-d16 -T"C:/Users/User/project_embedded_systems/Final_Software/TheFilterFolder/Filter/LinkerScript.ld" -Wl,-Map=output.map -Wl,--gc-sections -o "Filter.elf" @"objects.list"   -lm
Finished building target: Filter.elf
 
make --no-print-directory post-build
Generating binary and Printing size information:
arm-none-eabi-objcopy -O binary "Filter.elf" "Filter.bin"
arm-none-eabi-size "Filter.elf"
   text	   data	    bss	    dec	    hex	filename
  25548	   2136	   4076	  31760	   7c10	Filter.elf
 
12:37:19 **** Incremental Build of configuration Debug for project Filter ****
make -j4 all 
make: Nothing to be done for 'all'.
12:37:33 **** Incremental Build of configuration Debug for project Filter ****
make -j4 all 
make: Nothing to be done for 'all'.
